Archive member included to satisfy reference by file (symbol)

d:/bkra/keil c test/stm32cubeide_1.10.1/stm32cubeide/plugins/com.st.stm32cube.ide.mcu.externaltools.gnu-tools-for-stm32.10.3-2021.10.win32_1.0.0.202111181127/tools/bin/../lib/gcc/arm-none-eabi/10.3.1/../../../../arm-none-eabi/lib/thumb/v7-m/nofp\libc_nano.a(lib_a-errno.o)
                              ./Core/Src/syscalls.o (__errno)
d:/bkra/keil c test/stm32cubeide_1.10.1/stm32cubeide/plugins/com.st.stm32cube.ide.mcu.externaltools.gnu-tools-for-stm32.10.3-2021.10.win32_1.0.0.202111181127/tools/bin/../lib/gcc/arm-none-eabi/10.3.1/../../../../arm-none-eabi/lib/thumb/v7-m/nofp\libc_nano.a(lib_a-exit.o)
                              d:/bkra/keil c test/stm32cubeide_1.10.1/stm32cubeide/plugins/com.st.stm32cube.ide.mcu.externaltools.gnu-tools-for-stm32.10.3-2021.10.win32_1.0.0.202111181127/tools/bin/../lib/gcc/arm-none-eabi/10.3.1/../../../../arm-none-eabi/lib/thumb/v7-m/nofp/crt0.o (exit)
d:/bkra/keil c test/stm32cubeide_1.10.1/stm32cubeide/plugins/com.st.stm32cube.ide.mcu.externaltools.gnu-tools-for-stm32.10.3-2021.10.win32_1.0.0.202111181127/tools/bin/../lib/gcc/arm-none-eabi/10.3.1/../../../../arm-none-eabi/lib/thumb/v7-m/nofp\libc_nano.a(lib_a-impure.o)
                              d:/bkra/keil c test/stm32cubeide_1.10.1/stm32cubeide/plugins/com.st.stm32cube.ide.mcu.externaltools.gnu-tools-for-stm32.10.3-2021.10.win32_1.0.0.202111181127/tools/bin/../lib/gcc/arm-none-eabi/10.3.1/../../../../arm-none-eabi/lib/thumb/v7-m/nofp\libc_nano.a(lib_a-exit.o) (_global_impure_ptr)
d:/bkra/keil c test/stm32cubeide_1.10.1/stm32cubeide/plugins/com.st.stm32cube.ide.mcu.externaltools.gnu-tools-for-stm32.10.3-2021.10.win32_1.0.0.202111181127/tools/bin/../lib/gcc/arm-none-eabi/10.3.1/../../../../arm-none-eabi/lib/thumb/v7-m/nofp\libc_nano.a(lib_a-init.o)
                              d:/bkra/keil c test/stm32cubeide_1.10.1/stm32cubeide/plugins/com.st.stm32cube.ide.mcu.externaltools.gnu-tools-for-stm32.10.3-2021.10.win32_1.0.0.202111181127/tools/bin/../lib/gcc/arm-none-eabi/10.3.1/../../../../arm-none-eabi/lib/thumb/v7-m/nofp/crt0.o (__libc_init_array)
d:/bkra/keil c test/stm32cubeide_1.10.1/stm32cubeide/plugins/com.st.stm32cube.ide.mcu.externaltools.gnu-tools-for-stm32.10.3-2021.10.win32_1.0.0.202111181127/tools/bin/../lib/gcc/arm-none-eabi/10.3.1/../../../../arm-none-eabi/lib/thumb/v7-m/nofp\libc_nano.a(lib_a-memset.o)
                              d:/bkra/keil c test/stm32cubeide_1.10.1/stm32cubeide/plugins/com.st.stm32cube.ide.mcu.externaltools.gnu-tools-for-stm32.10.3-2021.10.win32_1.0.0.202111181127/tools/bin/../lib/gcc/arm-none-eabi/10.3.1/../../../../arm-none-eabi/lib/thumb/v7-m/nofp/crt0.o (memset)
d:/bkra/keil c test/stm32cubeide_1.10.1/stm32cubeide/plugins/com.st.stm32cube.ide.mcu.externaltools.gnu-tools-for-stm32.10.3-2021.10.win32_1.0.0.202111181127/tools/bin/../lib/gcc/arm-none-eabi/10.3.1/../../../../arm-none-eabi/lib/thumb/v7-m/nofp\libc_nano.a(lib_a-sprintf.o)
                              ./Core/Src/led_display.o (sprintf)
d:/bkra/keil c test/stm32cubeide_1.10.1/stm32cubeide/plugins/com.st.stm32cube.ide.mcu.externaltools.gnu-tools-for-stm32.10.3-2021.10.win32_1.0.0.202111181127/tools/bin/../lib/gcc/arm-none-eabi/10.3.1/../../../../arm-none-eabi/lib/thumb/v7-m/nofp\libc_nano.a(lib_a-nano-svfprintf.o)
                              d:/bkra/keil c test/stm32cubeide_1.10.1/stm32cubeide/plugins/com.st.stm32cube.ide.mcu.externaltools.gnu-tools-for-stm32.10.3-2021.10.win32_1.0.0.202111181127/tools/bin/../lib/gcc/arm-none-eabi/10.3.1/../../../../arm-none-eabi/lib/thumb/v7-m/nofp\libc_nano.a(lib_a-sprintf.o) (_svfprintf_r)
d:/bkra/keil c test/stm32cubeide_1.10.1/stm32cubeide/plugins/com.st.stm32cube.ide.mcu.externaltools.gnu-tools-for-stm32.10.3-2021.10.win32_1.0.0.202111181127/tools/bin/../lib/gcc/arm-none-eabi/10.3.1/../../../../arm-none-eabi/lib/thumb/v7-m/nofp\libc_nano.a(lib_a-nano-vfprintf_i.o)
                              d:/bkra/keil c test/stm32cubeide_1.10.1/stm32cubeide/plugins/com.st.stm32cube.ide.mcu.externaltools.gnu-tools-for-stm32.10.3-2021.10.win32_1.0.0.202111181127/tools/bin/../lib/gcc/arm-none-eabi/10.3.1/../../../../arm-none-eabi/lib/thumb/v7-m/nofp\libc_nano.a(lib_a-nano-svfprintf.o) (_printf_i)
d:/bkra/keil c test/stm32cubeide_1.10.1/stm32cubeide/plugins/com.st.stm32cube.ide.mcu.externaltools.gnu-tools-for-stm32.10.3-2021.10.win32_1.0.0.202111181127/tools/bin/../lib/gcc/arm-none-eabi/10.3.1/../../../../arm-none-eabi/lib/thumb/v7-m/nofp\libc_nano.a(lib_a-memchr-stub.o)
                              d:/bkra/keil c test/stm32cubeide_1.10.1/stm32cubeide/plugins/com.st.stm32cube.ide.mcu.externaltools.gnu-tools-for-stm32.10.3-2021.10.win32_1.0.0.202111181127/tools/bin/../lib/gcc/arm-none-eabi/10.3.1/../../../../arm-none-eabi/lib/thumb/v7-m/nofp\libc_nano.a(lib_a-nano-svfprintf.o) (memchr)
[...]
Memory Configuration

Name             Origin             Length             Attributes
RAM              0x0000000020000000 0x0000000000005000 xrw
FLASH            0x0000000008000000 0x0000000000020000 xr
*default*        0x0000000000000000 0xffffffffffffffff

Linker script and memory map

LOAD d:/bkra/keil c test/stm32cubeide_1.10.1/stm32cubeide/plugins/com.st.stm32cube.ide.mcu.externaltools.gnu-tools-for-stm32.10.3-2021.10.win32_1.0.0.202111181127/tools/bin/../lib/gcc/arm-none-eabi/10.3.1/thumb/v7-m/nofp/crti.o
LOAD d:/bkra/keil c test/stm32cubeide_1.10.1/stm32cubeide/plugins/com.st.stm32cube.ide.mcu.externaltools.gnu-tools-for-stm32.10.3-2021.10.win32_1.0.0.202111181127/tools/bin/../lib/gcc/arm-none-eabi/10.3.1/thumb/v7-m/nofp/crtbegin.o
LOAD d:/bkra/keil c test/stm32cubeide_1.10.1/stm32cubeide/plugins/com.st.stm32cube.ide.mcu.externaltools.gnu-tools-for-stm32.10.3-2021.10.win32_1.0.0.202111181127/tools/bin/../lib/gcc/arm-none-eabi/10.3.1/../../../../arm-none-eabi/lib/thumb/v7-m/nofp/crt0.o
LOAD ./Core/Src/button.o
LOAD ./Core/Src/i2c-lcd.o
LOAD ./Core/Src/input_processing.o
LOAD ./Core/Src/input_reading.o
LOAD ./Core/Src/led_display.o
LOAD ./Core/Src/main.o
LOAD ./Core/Src/scheduler.o
LOAD ./Core/Src/stm32f1xx_hal_msp.o
LOAD ./Core/Src/stm32f1xx_it.o
LOAD ./Core/Src/syscalls.o
LOAD ./Core/Src/sysmem.o
LOAD ./Core/Src/system_stm32f1xx.o
LOAD ./Core/Src/timer.o
LOAD ./Core/Startup/startup_stm32f103rbtx.o
LOAD ./Drivers/STM32F1xx_HAL_Driver/Src/stm32f1xx_hal.o
LOAD ./Drivers/STM32F1xx_HAL_Driver/Src/stm32f1xx_hal_cortex.o
LOAD ./Drivers/STM32F1xx_HAL_Driver/Src/stm32f1xx_hal_dma.o
LOAD ./Drivers/STM32F1xx_HAL_Driver/Src/stm32f1xx_hal_exti.o
LOAD ./Drivers/STM32F1xx_HAL_Driver/Src/stm32f1xx_hal_flash.o
LOAD ./Drivers/STM32F1xx_HAL_Driver/Src/stm32f1xx_hal_flash_ex.o
LOAD ./Drivers/STM32F1xx_HAL_Driver/Src/stm32f1xx_hal_gpio.o
LOAD ./Drivers/STM32F1xx_HAL_Driver/Src/stm32f1xx_hal_gpio_ex.o
LOAD ./Drivers/STM32F1xx_HAL_Driver/Src/stm32f1xx_hal_i2c.o
LOAD ./Drivers/STM32F1xx_HAL_Driver/Src/stm32f1xx_hal_pwr.o
LOAD ./Drivers/STM32F1xx_HAL_Driver/Src/stm32f1xx_hal_rcc.o
LOAD ./Drivers/STM32F1xx_HAL_Driver/Src/stm32f1xx_hal_rcc_ex.o
LOAD ./Drivers/STM32F1xx_HAL_Driver/Src/stm32f1xx_hal_tim.o
LOAD ./Drivers/STM32F1xx_HAL_Driver/Src/stm32f1xx_hal_tim_ex.o
START GROUP
LOAD d:/bkra/keil c test/stm32cubeide_1.10.1/stm32cubeide/plugins/com.st.stm32cube.ide.mcu.externaltools.gnu-tools-for-stm32.10.3-2021.10.win32_1.0.0.202111181127/tools/bin/../lib/gcc/arm-none-eabi/10.3.1/../../../../arm-none-eabi/lib/thumb/v7-m/nofp\libc_nano.a
LOAD d:/bkra/keil c test/stm32cubeide_1.10.1/stm32cubeide/plugins/com.st.stm32cube.ide.mcu.externaltools.gnu-tools-for-stm32.10.3-2021.10.win32_1.0.0.202111181127/tools/bin/../lib/gcc/arm-none-eabi/10.3.1/../../../../arm-none-eabi/lib/thumb/v7-m/nofp\libm.a
END GROUP
START GROUP
LOAD d:/bkra/keil c test/stm32cubeide_1.10.1/stm32cubeide/plugins/com.st.stm32cube.ide.mcu.externaltools.gnu-tools-for-stm32.10.3-2021.10.win32_1.0.0.202111181127/tools/bin/../lib/gcc/arm-none-eabi/10.3.1/thumb/v7-m/nofp\libgcc.a
LOAD d:/bkra/keil c test/stm32cubeide_1.10.1/stm32cubeide/plugins/com.st.stm32cube.ide.mcu.externaltools.gnu-tools-for-stm32.10.3-2021.10.win32_1.0.0.202111181127/tools/bin/../lib/gcc/arm-none-eabi/10.3.1/../../../../arm-none-eabi/lib/thumb/v7-m/nofp\libc_nano.a
END GROUP
START GROUP
LOAD d:/bkra/keil c test/stm32cubeide_1.10.1/stm32cubeide/plugins/com.st.stm32cube.ide.mcu.externaltools.gnu-tools-for-stm32.10.3-2021.10.win32_1.0.0.202111181127/tools/bin/../lib/gcc/arm-none-eabi/10.3.1/thumb/v7-m/nofp\libgcc.a
LOAD d:/bkra/keil c test/stm32cubeide_1.10.1/stm32cubeide/plugins/com.st.stm32cube.ide.mcu.externaltools.gnu-tools-for-stm32.10.3-2021.10.win32_1.0.0.202111181127/tools/bin/../lib/gcc/arm-none-eabi/10.3.1/../../../../arm-none-eabi/lib/thumb/v7-m/nofp\libc_nano.a
LOAD d:/bkra/keil c test/stm32cubeide_1.10.1/stm32cubeide/plugins/com.st.stm32cube.ide.mcu.externaltools.gnu-tools-for-stm32.10.3-2021.10.win32_1.0.0.202111181127/tools/bin/../lib/gcc/arm-none-eabi/10.3.1/../../../../arm-none-eabi/lib/thumb/v7-m/nofp\libnosys.a
END GROUP
START GROUP
LOAD d:/bkra/keil c test/stm32cubeide_1.10.1/stm32cubeide/plugins/com.st.stm32cube.ide.mcu.externaltools.gnu-tools-for-stm32.10.3-2021.10.win32_1.0.0.202111181127/tools/bin/../lib/gcc/arm-none-eabi/10.3.1/thumb/v7-m/nofp\libgcc.a
LOAD d:/bkra/keil c test/stm32cubeide_1.10.1/stm32cubeide/plugins/com.st.stm32cube.ide.mcu.externaltools.gnu-tools-for-stm32.10.3-2021.10.win32_1.0.0.202111181127/tools/bin/../lib/gcc/arm-none-eabi/10.3.1/../../../../arm-none-eabi/lib/thumb/v7-m/nofp\libc_nano.a
LOAD d:/bkra/keil c test/stm32cubeide_1.10.1/stm32cubeide/plugins/com.st.stm32cube.ide.mcu.externaltools.gnu-tools-for-stm32.10.3-2021.10.win32_1.0.0.202111181127/tools/bin/../lib/gcc/arm-none-eabi/10.3.1/../../../../arm-none-eabi/lib/thumb/v7-m/nofp\libnosys.a
END GROUP
LOAD d:/bkra/keil c test/stm32cubeide_1.10.1/stm32cubeide/plugins/com.st.stm32cube.ide.mcu.externaltools.gnu-tools-for-stm32.10.3-2021.10.win32_1.0.0.202111181127/tools/bin/../lib/gcc/arm-none-eabi/10.3.1/thumb/v7-m/nofp/crtend.o
LOAD d:/bkra/keil c test/stm32cubeide_1.10.1/stm32cubeide/plugins/com.st.stm32cube.ide.mcu.externaltools.gnu-tools-for-stm32.10.3-2021.10.win32_1.0.0.202111181127/tools/bin/../lib/gcc/arm-none-eabi/10.3.1/thumb/v7-m/nofp/crtn.o
                0x0000000020005000                _estack = (ORIGIN (RAM) + LENGTH (RAM))
                0x0000000000000200                _Min_Heap_Size = 0x200
                0x0000000000000400                _Min_Stack_Size = 0x400

.isr_vector     0x0000000008000000      0x10c
                0x0000000008000000                . = ALIGN (0x4)
 *(.isr_vector)
 .isr_vector    0x0000000008000000      0x10c ./Core/Startup/startup_stm32f103rbtx.o
                0x0000000008000000                g_pfnVectors
                0x000000000800010c                . = ALIGN (0x4)

.text           0x000000000800010c     0x3a64
                0x000000000800010c                . = ALIGN (0x4)
 *(.text)
 .text          0x000000000800010c       0x40 d:/bkra/keil c test/stm32cubeide_1.10.1/stm32cubeide/plugins/com.st.stm32cube.ide.mcu.externaltools.gnu-tools-for-stm32.10.3-2021.10.win32_1.0.0.202111181127/tools/bin/../lib/gcc/arm-none-eabi/10.3.1/thumb/v7-m/nofp/crtbegin.o
 *(.text*)
 .text.lcd_send_cmd
                0x000000000800014c       0x60 ./Core/Src/i2c-lcd.o
                0x000000000800014c                lcd_send_cmd
 .text.lcd_send_data
                0x00000000080001ac       0x60 ./Core/Src/i2c-lcd.o
                0x00000000080001ac                lcd_send_data
 .text.lcd_init
                0x000000000800020c       0x5c ./Core/Src/i2c-lcd.o
                0x000000000800020c                lcd_init
 .text.lcd_send_string
                0x0000000008000268       0x2a ./Core/Src/i2c-lcd.o
                0x0000000008000268                lcd_send_string
 .text.lcd_goto_XY
                0x0000000008000292       0x44 ./Core/Src/i2c-lcd.o
                0x0000000008000292                lcd_goto_XY
 *fill*         0x00000000080002d6        0x2 
 .text.handle_mode
                0x00000000080002d8       0x44 ./Core/Src/input_processing.o
                0x00000000080002d8                handle_mode
 .text.getKeyInput
                0x000000000800031c       0xdc ./Core/Src/input_processing.o
                0x000000000800031c                getKeyInput
 .text.fsm_for_input_processing
                0x00000000080003f8       0xe4 ./Core/Src/input_processing.o
                0x00000000080003f8                fsm_for_input_processing
 .text.button_reading
                0x00000000080004dc       0xd8 ./Core/Src/input_reading.o
                0x00000000080004dc                button_reading
 .text.led_red_blink
                0x00000000080005b4       0x90 ./Core/Src/led_display.o
                0x00000000080005b4                led_red_blink
 .text.led_green_blink
                0x0000000008000644       0x34 ./Core/Src/led_display.o
                0x0000000008000644                led_green_blink
 .text.led_yellow_blink
                0x0000000008000678       0x34 ./Core/Src/led_display.o
                0x0000000008000678                led_yellow_blink
 .text.on_red1_led
                0x00000000080006ac       0x20 ./Core/Src/led_display.o
                0x00000000080006ac                on_red1_led
 .text.on_yellow1_led
                0x00000000080006cc       0x20 ./Core/Src/led_display.o
                0x00000000080006cc                on_yellow1_led
 .text.on_green1_led
                0x00000000080006ec       0x20 ./Core/Src/led_display.o
                0x00000000080006ec                on_green1_led
 .text.on_red2_led
                0x000000000800070c       0x24 ./Core/Src/led_display.o
                0x000000000800070c                on_red2_led
 .text.on_yellow2_led
                0x0000000008000730       0x24 ./Core/Src/led_display.o
                0x0000000008000730                on_yellow2_led
 .text.on_green2_led
                0x0000000008000754       0x24 ./Core/Src/led_display.o
                0x0000000008000754                on_green2_led
 .text.modify_red_duration
                0x0000000008000778        0xc ./Core/Src/led_display.o
                0x0000000008000778                modify_red_duration
 .text.modify_yellow_duration
                0x0000000008000784        0xc ./Core/Src/led_display.o
                0x0000000008000784                modify_yellow_duration
 .text.modify_green_duration
                0x0000000008000790        0xc ./Core/Src/led_display.o
                0x0000000008000790                modify_green_duration
 .text.updatemode
                0x000000000800079c       0x1c ./Core/Src/led_display.o
                0x000000000800079c                updatemode
 .text.timeledlight
                0x00000000080007b8       0xb0 ./Core/Src/led_display.o
                0x00000000080007b8                timeledlight
 .text.normalstate
                0x0000000008000868      0x154 ./Core/Src/led_display.o
                0x0000000008000868                normalstate
 .text.update_numbers
                0x00000000080009bc       0x28 ./Core/Src/led_display.o
                0x00000000080009bc                update_numbers
 .text.increment_duration
                0x00000000080009e4       0x44 ./Core/Src/led_display.o
                0x00000000080009e4                increment_duration
 .text.save_duration
                0x0000000008000a28       0x32 ./Core/Src/led_display.o
                0x0000000008000a28                save_duration
 *fill*         0x0000000008000a5a        0x2 
 .text.but2_red
                0x0000000008000a5c       0x14 ./Core/Src/led_display.o
                0x0000000008000a5c                but2_red
 .text.but2_ye  0x0000000008000a70       0x14 ./Core/Src/led_display.o
                0x0000000008000a70                but2_ye
 .text.but2_gr  0x0000000008000a84       0x14 ./Core/Src/led_display.o
                0x0000000008000a84                but2_gr
 .text.but3_red
                0x0000000008000a98       0x18 ./Core/Src/led_display.o
                0x0000000008000a98                but3_red
 .text.but3_ye  0x0000000008000ab0       0x18 ./Core/Src/led_display.o
                0x0000000008000ab0                but3_ye
 .text.but3_gr  0x0000000008000ac8       0x18 ./Core/Src/led_display.o
                0x0000000008000ac8                but3_gr
 .text.main     0x0000000008000ae0       0x48 ./Core/Src/main.o
                0x0000000008000ae0                main
 .text.SystemClock_Config
                0x0000000008000b28       0x82 ./Core/Src/main.o
                0x0000000008000b28                SystemClock_Config
 *fill*         0x0000000008000baa        0x2 
 .text.MX_I2C1_Init
                0x0000000008000bac       0x5c ./Core/Src/main.o
 .text.MX_TIM2_Init
                0x0000000008000c08       0x98 ./Core/Src/main.o
 .text.MX_GPIO_Init
                0x0000000008000ca0      0x1d4 ./Core/Src/main.o
 .text.Error_Handler
                0x0000000008000e74        0xa ./Core/Src/main.o
                0x0000000008000e74                Error_Handler
 *fill*         0x0000000008000e7e        0x2 
 .text.HAL_MspInit
                0x0000000008000e80       0x64 ./Core/Src/stm32f1xx_hal_msp.o
                0x0000000008000e80                HAL_MspInit
 .text.HAL_I2C_MspInit
                0x0000000008000ee4       0xa0 ./Core/Src/stm32f1xx_hal_msp.o
                0x0000000008000ee4                HAL_I2C_MspInit
 .text.HAL_TIM_Base_MspInit
                0x0000000008000f84       0x48 ./Core/Src/stm32f1xx_hal_msp.o
                0x0000000008000f84                HAL_TIM_Base_MspInit
 .text.NMI_Handler
                0x0000000008000fcc        0x6 ./Core/Src/stm32f1xx_it.o
                0x0000000008000fcc                NMI_Handler
 .text.HardFault_Handler
                0x0000000008000fd2        0x6 ./Core/Src/stm32f1xx_it.o
                0x0000000008000fd2                HardFault_Handler
 .text.MemManage_Handler
                0x0000000008000fd8        0x6 ./Core/Src/stm32f1xx_it.o
                0x0000000008000fd8                MemManage_Handler
 .text.BusFault_Handler
                0x0000000008000fde        0x6 ./Core/Src/stm32f1xx_it.o
                0x0000000008000fde                BusFault_Handler
 .text.UsageFault_Handler
                0x0000000008000fe4        0x6 ./Core/Src/stm32f1xx_it.o
                0x0000000008000fe4                UsageFault_Handler
 .text.SVC_Handler
                0x0000000008000fea        0xc ./Core/Src/stm32f1xx_it.o
                0x0000000008000fea                SVC_Handler
 .text.DebugMon_Handler
                0x0000000008000ff6        0xc ./Core/Src/stm32f1xx_it.o
                0x0000000008000ff6                DebugMon_Handler
 .text.PendSV_Handler
                0x0000000008001002        0xc ./Core/Src/stm32f1xx_it.o
                0x0000000008001002                PendSV_Handler
 .text.SysTick_Handler
                0x000000000800100e        0xc ./Core/Src/stm32f1xx_it.o
                0x000000000800100e                SysTick_Handler
 *fill*         0x000000000800101a        0x2 
 .text.TIM2_IRQHandler
                0x000000000800101c       0x14 ./Core/Src/stm32f1xx_it.o
                0x000000000800101c                TIM2_IRQHandler
 .text._sbrk    0x0000000008001030       0x6c ./Core/Src/sysmem.o
                0x0000000008001030                _sbrk
 .text.SystemInit
                0x000000000800109c        0xc ./Core/Src/system_stm32f1xx.o
                0x000000000800109c                SystemInit
 .text.setTimer
                0x00000000080010a8       0x4c ./Core/Src/timer.o
                0x00000000080010a8                setTimer
 .text.timerRun
                0x00000000080010f4       0x60 ./Core/Src/timer.o
                0x00000000080010f4                timerRun
 .text.update_handlemode
                0x0000000008001154       0x6c ./Core/Src/timer.o
                0x0000000008001154                update_handlemode
 .text.HAL_TIM_PeriodElapsedCallback
                0x00000000080011c0       0x1e ./Core/Src/timer.o
                0x00000000080011c0                HAL_TIM_PeriodElapsedCallback
 *fill*         0x00000000080011de        0x2 
 .text.Reset_Handler
                0x00000000080011e0       0x48 ./Core/Startup/startup_stm32f103rbtx.o
                0x00000000080011e0                Reset_Handler
 .text.Default_Handler
                0x0000000008001228        0x2 ./Core/Startup/startup_stm32f103rbtx.o
                0x0000000008001228                RTC_Alarm_IRQHandler
                0x0000000008001228                EXTI2_IRQHandler
                0x0000000008001228                TIM1_CC_IRQHandler
                0x0000000008001228                PVD_IRQHandler
                0x0000000008001228                EXTI3_IRQHandler
                0x0000000008001228                EXTI0_IRQHandler
                0x0000000008001228                I2C2_EV_IRQHandler
                0x0000000008001228                ADC1_2_IRQHandler
                0x0000000008001228                SPI1_IRQHandler
                0x0000000008001228                TAMPER_IRQHandler
                0x0000000008001228                DMA1_Channel4_IRQHandler
                0x0000000008001228                USART3_IRQHandler
                0x0000000008001228                RTC_IRQHandler
                0x0000000008001228                DMA1_Channel7_IRQHandler
                0x0000000008001228                CAN1_RX1_IRQHandler
                0x0000000008001228                TIM4_IRQHandler
                0x0000000008001228                I2C1_EV_IRQHandler
                0x0000000008001228                DMA1_Channel6_IRQHandler
                0x0000000008001228                TIM3_IRQHandler
                0x0000000008001228                RCC_IRQHandler
                0x0000000008001228                TIM1_TRG_COM_IRQHandler
                0x0000000008001228                DMA1_Channel1_IRQHandler
                0x0000000008001228                Default_Handler
                0x0000000008001228                EXTI15_10_IRQHandler
                0x0000000008001228                EXTI9_5_IRQHandler
                0x0000000008001228                SPI2_IRQHandler
                0x0000000008001228                DMA1_Channel5_IRQHandler
                0x0000000008001228                EXTI4_IRQHandler
                0x0000000008001228                USB_LP_CAN1_RX0_IRQHandler
                0x0000000008001228                USB_HP_CAN1_TX_IRQHandler
                0x0000000008001228                DMA1_Channel3_IRQHandler
                0x0000000008001228                TIM1_UP_IRQHandler
                0x0000000008001228                WWDG_IRQHandler
                0x0000000008001228                TIM1_BRK_IRQHandler
                0x0000000008001228                EXTI1_IRQHandler
                0x0000000008001228                USART2_IRQHandler
                0x0000000008001228                I2C2_ER_IRQHandler
                0x0000000008001228                DMA1_Channel2_IRQHandler
                0x0000000008001228                CAN1_SCE_IRQHandler
                0x0000000008001228                FLASH_IRQHandler
                0x0000000008001228                USART1_IRQHandler
                0x0000000008001228                I2C1_ER_IRQHandler
                0x0000000008001228                USBWakeUp_IRQHandler
 *fill*         0x000000000800122a        0x2 
 .text.HAL_Init
                0x000000000800122c       0x2c ./Drivers/STM32F1xx_HAL_Driver/Src/stm32f1xx_hal.o
                0x000000000800122c                HAL_Init
 .text.HAL_InitTick
                0x0000000008001258       0x60 ./Drivers/STM32F1xx_HAL_Driver/Src/stm32f1xx_hal.o
                0x0000000008001258                HAL_InitTick
 .text.HAL_IncTick
                0x00000000080012b8       0x24 ./Drivers/STM32F1xx_HAL_Driver/Src/stm32f1xx_hal.o
                0x00000000080012b8                HAL_IncTick
 .text.HAL_GetTick
                0x00000000080012dc       0x14 ./Drivers/STM32F1xx_HAL_Driver/Src/stm32f1xx_hal.o
                0x00000000080012dc                HAL_GetTick
 .text.HAL_Delay
                0x00000000080012f0       0x48 ./Drivers/STM32F1xx_HAL_Driver/Src/stm32f1xx_hal.o
                0x00000000080012f0                HAL_Delay
 .text.__NVIC_SetPriorityGrouping
                0x0000000008001338       0x48 ./Drivers/STM32F1xx_HAL_Driver/Src/stm32f1xx_hal_cortex.o
 .text.__NVIC_GetPriorityGrouping
                0x0000000008001380       0x1c ./Drivers/STM32F1xx_HAL_Driver/Src/stm32f1xx_hal_cortex.o
 .text.__NVIC_EnableIRQ
                0x000000000800139c       0x38 ./Drivers/STM32F1xx_HAL_Driver/Src/stm32f1xx_hal_cortex.o
 .text.__NVIC_SetPriority
                0x00000000080013d4       0x54 ./Drivers/STM32F1xx_HAL_Driver/Src/stm32f1xx_hal_cortex.o
 .text.NVIC_EncodePriority
                0x0000000008001428       0x64 ./Drivers/STM32F1xx_HAL_Driver/Src/stm32f1xx_hal_cortex.o
 .text.SysTick_Config
                0x000000000800148c       0x44 ./Drivers/STM32F1xx_HAL_Driver/Src/stm32f1xx_hal_cortex.o
 .text.HAL_NVIC_SetPriorityGrouping
                0x00000000080014d0       0x16 ./Drivers/STM32F1xx_HAL_Driver/Src/stm32f1xx_hal_cortex.o
                0x00000000080014d0                HAL_NVIC_SetPriorityGrouping
 .text.HAL_NVIC_SetPriority
                0x00000000080014e6       0x38 ./Drivers/STM32F1xx_HAL_Driver/Src/stm32f1xx_hal_cortex.o
                0x00000000080014e6                HAL_NVIC_SetPriority
 .text.HAL_NVIC_EnableIRQ
                0x000000000800151e       0x1c ./Drivers/STM32F1xx_HAL_Driver/Src/stm32f1xx_hal_cortex.o
                0x000000000800151e                HAL_NVIC_EnableIRQ
 .text.HAL_SYSTICK_Config
                0x000000000800153a       0x18 ./Drivers/STM32F1xx_HAL_Driver/Src/stm32f1xx_hal_cortex.o
                0x000000000800153a                HAL_SYSTICK_Config
 *fill*         0x0000000008001552        0x2 
 .text.HAL_GPIO_Init
                0x0000000008001554      0x308 ./Drivers/STM32F1xx_HAL_Driver/Src/stm32f1xx_hal_gpio.o
                0x0000000008001554                HAL_GPIO_Init
 .text.HAL_GPIO_ReadPin
                0x000000000800185c       0x2e ./Drivers/STM32F1xx_HAL_Driver/Src/stm32f1xx_hal_gpio.o
                0x000000000800185c                HAL_GPIO_ReadPin
 .text.HAL_GPIO_WritePin
                0x000000000800188a       0x30 ./Drivers/STM32F1xx_HAL_Driver/Src/stm32f1xx_hal_gpio.o
                0x000000000800188a                HAL_GPIO_WritePin
 .text.HAL_GPIO_TogglePin
                0x00000000080018ba       0x32 ./Drivers/STM32F1xx_HAL_Driver/Src/stm32f1xx_hal_gpio.o
                0x00000000080018ba                HAL_GPIO_TogglePin
 .text.HAL_I2C_Init
                0x00000000080018ec      0x288 ./Drivers/STM32F1xx_HAL_Driver/Src/stm32f1xx_hal_i2c.o
                0x00000000080018ec                HAL_I2C_Init
 .text.HAL_I2C_Master_Transmit
                0x0000000008001b74      0x1fc ./Drivers/STM32F1xx_HAL_Driver/Src/stm32f1xx_hal_i2c.o
                0x0000000008001b74                HAL_I2C_Master_Transmit
 .text.I2C_MasterRequestWrite
                0x0000000008001d70      0x104 ./Drivers/STM32F1xx_HAL_Driver/Src/stm32f1xx_hal_i2c.o
 .text.I2C_WaitOnFlagUntilTimeout
                0x0000000008001e74       0xf4 ./Drivers/STM32F1xx_HAL_Driver/Src/stm32f1xx_hal_i2c.o
 .text.I2C_WaitOnMasterAddressFlagUntilTimeout
                0x0000000008001f68      0x140 ./Drivers/STM32F1xx_HAL_Driver/Src/stm32f1xx_hal_i2c.o
 .text.I2C_WaitOnTXEFlagUntilTimeout
                0x00000000080020a8       0x90 ./Drivers/STM32F1xx_HAL_Driver/Src/stm32f1xx_hal_i2c.o
 .text.I2C_WaitOnBTFFlagUntilTimeout
                0x0000000008002138       0x90 ./Drivers/STM32F1xx_HAL_Driver/Src/stm32f1xx_hal_i2c.o
 .text.I2C_IsAcknowledgeFailed
                0x00000000080021c8       0x5c ./Drivers/STM32F1xx_HAL_Driver/Src/stm32f1xx_hal_i2c.o
 .text.HAL_RCC_OscConfig
                0x0000000008002224      0x504 ./Drivers/STM32F1xx_HAL_Driver/Src/stm32f1xx_hal_rcc.o
                0x0000000008002224                HAL_RCC_OscConfig
 .text.HAL_RCC_ClockConfig
                0x0000000008002728      0x1d4 ./Drivers/STM32F1xx_HAL_Driver/Src/stm32f1xx_hal_rcc.o
                0x0000000008002728                HAL_RCC_ClockConfig
 .text.HAL_RCC_GetSysClockFreq
                0x00000000080028fc       0xa8 ./Drivers/STM32F1xx_HAL_Driver/Src/stm32f1xx_hal_rcc.o
                0x00000000080028fc                HAL_RCC_GetSysClockFreq
 .text.HAL_RCC_GetHCLKFreq
                0x00000000080029a4       0x14 ./Drivers/STM32F1xx_HAL_Driver/Src/stm32f1xx_hal_rcc.o
                0x00000000080029a4                HAL_RCC_GetHCLKFreq
 .text.HAL_RCC_GetPCLK1Freq
                0x00000000080029b8       0x28 ./Drivers/STM32F1xx_HAL_Driver/Src/stm32f1xx_hal_rcc.o
                0x00000000080029b8                HAL_RCC_GetPCLK1Freq
 .text.RCC_Delay
                0x00000000080029e0       0x3c ./Drivers/STM32F1xx_HAL_Driver/Src/stm32f1xx_hal_rcc.o
 .text.HAL_TIM_Base_Init
                0x0000000008002a1c       0x9e ./Drivers/STM32F1xx_HAL_Driver/Src/stm32f1xx_hal_tim.o
                0x0000000008002a1c                HAL_TIM_Base_Init
 *fill*         0x0000000008002aba        0x2 
 .text.HAL_TIM_Base_Start_IT
                0x0000000008002abc       0xa4 ./Drivers/STM32F1xx_HAL_Driver/Src/stm32f1xx_hal_tim.o
                0x0000000008002abc                HAL_TIM_Base_Start_IT
 .text.HAL_TIM_IRQHandler
                0x0000000008002b60      0x1e0 ./Drivers/STM32F1xx_HAL_Driver/Src/stm32f1xx_hal_tim.o
                0x0000000008002b60                HAL_TIM_IRQHandler
 .text.HAL_TIM_ConfigClockSource
                0x0000000008002d40      0x18e ./Drivers/STM32F1xx_HAL_Driver/Src/stm32f1xx_hal_tim.o
                0x0000000008002d40                HAL_TIM_ConfigClockSource
 .text.HAL_TIM_OC_DelayElapsedCallback
                0x0000000008002ece       0x12 ./Drivers/STM32F1xx_HAL_Driver/Src/stm32f1xx_hal_tim.o
                0x0000000008002ece                HAL_TIM_OC_DelayElapsedCallback
 .text.HAL_TIM_IC_CaptureCallback
                0x0000000008002ee0       0x12 ./Drivers/STM32F1xx_HAL_Driver/Src/stm32f1xx_hal_tim.o
                0x0000000008002ee0                HAL_TIM_IC_CaptureCallback
 .text.HAL_TIM_PWM_PulseFinishedCallback
                0x0000000008002ef2       0x12 ./Drivers/STM32F1xx_HAL_Driver/Src/stm32f1xx_hal_tim.o
                0x0000000008002ef2                HAL_TIM_PWM_PulseFinishedCallback
 .text.HAL_TIM_TriggerCallback
                0x0000000008002f04       0x12 ./Drivers/STM32F1xx_HAL_Driver/Src/stm32f1xx_hal_tim.o
                0x0000000008002f04                HAL_TIM_TriggerCallback
 *fill*         0x0000000008002f16        0x2 
 .text.TIM_Base_SetConfig
                0x0000000008002f18       0xdc ./Drivers/STM32F1xx_HAL_Driver/Src/stm32f1xx_hal_tim.o
                0x0000000008002f18                TIM_Base_SetConfig
 .text.TIM_TI1_ConfigInputStage
                0x0000000008002ff4       0x5c ./Drivers/STM32F1xx_HAL_Driver/Src/stm32f1xx_hal_tim.o
 .text.TIM_TI2_ConfigInputStage
                0x0000000008003050       0x5e ./Drivers/STM32F1xx_HAL_Driver/Src/stm32f1xx_hal_tim.o
 .text.TIM_ITRx_SetConfig
                0x00000000080030ae       0x34 ./Drivers/STM32F1xx_HAL_Driver/Src/stm32f1xx_hal_tim.o
 .text.TIM_ETR_SetConfig
                0x00000000080030e2       0x3e ./Drivers/STM32F1xx_HAL_Driver/Src/stm32f1xx_hal_tim.o
                0x00000000080030e2                TIM_ETR_SetConfig
 .text.HAL_TIMEx_MasterConfigSynchronization
                0x0000000008003120       0xbc ./Drivers/STM32F1xx_HAL_Driver/Src/stm32f1xx_hal_tim_ex.o
                0x0000000008003120                HAL_TIMEx_MasterConfigSynchronization
 .text.HAL_TIMEx_CommutCallback
                0x00000000080031dc       0x12 ./Drivers/STM32F1xx_HAL_Driver/Src/stm32f1xx_hal_tim_ex.o
                0x00000000080031dc                HAL_TIMEx_CommutCallback
 .text.HAL_TIMEx_BreakCallback
                0x00000000080031ee       0x12 ./Drivers/STM32F1xx_HAL_Driver/Src/stm32f1xx_hal_tim_ex.o
                0x00000000080031ee                HAL_TIMEx_BreakCallback
 .text.__errno  0x0000000008003200        0xc d:/bkra/keil c test/stm32cubeide_1.10.1/stm32cubeide/plugins/com.st.stm32cube.ide.mcu.externaltools.gnu-tools-for-stm32.10.3-2021.10.win32_1.0.0.202111181127/tools/bin/../lib/gcc/arm-none-eabi/10.3.1/../../../../arm-none-eabi/lib/thumb/v7-m/nofp\libc_nano.a(lib_a-errno.o)
                0x0000000008003200                __errno
 .text.__libc_init_array
                0x000000000800320c       0x48 d:/bkra/keil c test/stm32cubeide_1.10.1/stm32cubeide/plugins/com.st.stm32cube.ide.mcu.externaltools.gnu-tools-for-stm32.10.3-2021.10.win32_1.0.0.202111181127/tools/bin/../lib/gcc/arm-none-eabi/10.3.1/../../../../arm-none-eabi/lib/thumb/v7-m/nofp\libc_nano.a(lib_a-init.o)
                0x000000000800320c                __libc_init_array
 .text.memset   0x0000000008003254       0x10 d:/bkra/keil c test/stm32cubeide_1.10.1/stm32cubeide/plugins/com.st.stm32cube.ide.mcu.externaltools.gnu-tools-for-stm32.10.3-2021.10.win32_1.0.0.202111181127/tools/bin/../lib/gcc/arm-none-eabi/10.3.1/../../../../arm-none-eabi/lib/thumb/v7-m/nofp\libc_nano.a(lib_a-memset.o)
                0x0000000008003254                memset
 .text.sprintf  0x0000000008003264       0x40 d:/bkra/keil c test/stm32cubeide_1.10.1/stm32cubeide/plugins/com.st.stm32cube.ide.mcu.externaltools.gnu-tools-for-stm32.10.3-2021.10.win32_1.0.0.202111181127/tools/bin/../lib/gcc/arm-none-eabi/10.3.1/../../../../arm-none-eabi/lib/thumb/v7-m/nofp\libc_nano.a(lib_a-sprintf.o)
                0x0000000008003264                siprintf
                0x0000000008003264                sprintf
 .text.__ssputs_r
                0x00000000080032a4       0xb6 d:/bkra/keil c test/stm32cubeide_1.10.1/stm32cubeide/plugins/com.st.stm32cube.ide.mcu.externaltools.gnu-tools-for-stm32.10.3-2021.10.win32_1.0.0.202111181127/tools/bin/../lib/gcc/arm-none-eabi/10.3.1/../../../../arm-none-eabi/lib/thumb/v7-m/nofp\libc_nano.a(lib_a-nano-svfprintf.o)
                0x00000000080032a4                __ssputs_r
 *fill*         0x000000000800335a        0x2 
 .text._svfprintf_r
                0x000000000800335c      0x200 d:/bkra/keil c test/stm32cubeide_1.10.1/stm32cubeide/plugins/com.st.stm32cube.ide.mcu.externaltools.gnu-tools-for-stm32.10.3-2021.10.win32_1.0.0.202111181127/tools/bin/../lib/gcc/arm-none-eabi/10.3.1/../../../../arm-none-eabi/lib/thumb/v7-m/nofp\libc_nano.a(lib_a-nano-svfprintf.o)
                0x000000000800335c                _svfiprintf_r
                0x000000000800335c                _svfprintf_r
 .text._printf_common
                0x000000000800355c       0xde d:/bkra/keil c test/stm32cubeide_1.10.1/stm32cubeide/plugins/com.st.stm32cube.ide.mcu.externaltools.gnu-tools-for-stm32.10.3-2021.10.win32_1.0.0.202111181127/tools/bin/../lib/gcc/arm-none-eabi/10.3.1/../../../../arm-none-eabi/lib/thumb/v7-m/nofp\libc_nano.a(lib_a-nano-vfprintf_i.o)
                0x000000000800355c                _printf_common
 *fill*         0x000000000800363a        0x2 
 .text._printf_i
                0x000000000800363c      0x24c d:/bkra/keil c test/stm32cubeide_1.10.1/stm32cubeide/plugins/com.st.stm32cube.ide.mcu.externaltools.gnu-tools-for-stm32.10.3-2021.10.win32_1.0.0.202111181127/tools/bin/../lib/gcc/arm-none-eabi/10.3.1/../../../../arm-none-eabi/lib/thumb/v7-m/nofp\libc_nano.a(lib_a-nano-vfprintf_i.o)
                0x000000000800363c                _printf_i
 .text.memchr   0x0000000008003888       0x1c d:/bkra/keil c test/stm32cubeide_1.10.1/stm32cubeide/plugins/com.st.stm32cube.ide.mcu.externaltools.gnu-tools-for-stm32.10.3-2021.10.win32_1.0.0.202111181127/tools/bin/../lib/gcc/arm-none-eabi/10.3.1/../../../../arm-none-eabi/lib/thumb/v7-m/nofp\libc_nano.a(lib_a-memchr-stub.o)
                0x0000000008003888                memchr
 .text.memcpy   0x00000000080038a4       0x1c d:/bkra/keil c test/stm32cubeide_1.10.1/stm32cubeide/plugins/com.st.stm32cube.ide.mcu.externaltools.gnu-tools-for-stm32.10.3-2021.10.win32_1.0.0.202111181127/tools/bin/../lib/gcc/arm-none-eabi/10.3.1/../../../../arm-none-eabi/lib/thumb/v7-m/nofp\libc_nano.a(lib_a-memcpy-stub.o)
                0x00000000080038a4                memcpy
 .text.memmove  0x00000000080038c0       0x34 d:/bkra/keil c test/stm32cubeide_1.10.1/stm32cubeide/plugins/com.st.stm32cube.ide.mcu.externaltools.gnu-tools-for-stm32.10.3-2021.10.win32_1.0.0.202111181127/tools/bin/../lib/gcc/arm-none-eabi/10.3.1/../../../../arm-none-eabi/lib/thumb/v7-m/nofp\libc_nano.a(lib_a-memmove.o)
                0x00000000080038c0                memmove
 .text._free_r  0x00000000080038f4       0x90 d:/bkra/keil c test/stm32cubeide_1.10.1/stm32cubeide/plugins/com.st.stm32cube.ide.mcu.externaltools.gnu-tools-for-stm32.10.3-2021.10.win32_1.0.0.202111181127/tools/bin/../lib/gcc/arm-none-eabi/10.3.1/../../../../arm-none-eabi/lib/thumb/v7-m/nofp\libc_nano.a(lib_a-nano-freer.o)
                0x00000000080038f4                _free_r
 .text.sbrk_aligned
                0x0000000008003984       0x40 d:/bkra/keil c test/stm32cubeide_1.10.1/stm32cubeide/plugins/com.st.stm32cube.ide.mcu.externaltools.gnu-tools-for-stm32.10.3-2021.10.win32_1.0.0.202111181127/tools/bin/../lib/gcc/arm-none-eabi/10.3.1/../../../../arm-none-eabi/lib/thumb/v7-m/nofp\libc_nano.a(lib_a-nano-mallocr.o)
 .text._malloc_r
                0x00000000080039c4       0xe8 d:/bkra/keil c test/stm32cubeide_1.10.1/stm32cubeide/plugins/com.st.stm32cube.ide.mcu.externaltools.gnu-tools-for-stm32.10.3-2021.10.win32_1.0.0.202111181127/tools/bin/../lib/gcc/arm-none-eabi/10.3.1/../../../../arm-none-eabi/lib/thumb/v7-m/nofp\libc_nano.a(lib_a-nano-mallocr.o)
                0x00000000080039c4                _malloc_r
 .text._realloc_r
                0x0000000008003aac       0x5e d:/bkra/keil c test/stm32cubeide_1.10.1/stm32cubeide/plugins/com.st.stm32cube.ide.mcu.externaltools.gnu-tools-for-stm32.10.3-2021.10.win32_1.0.0.202111181127/tools/bin/../lib/gcc/arm-none-eabi/10.3.1/../../../../arm-none-eabi/lib/thumb/v7-m/nofp\libc_nano.a(lib_a-nano-reallocr.o)
                0x0000000008003aac                _realloc_r
 *fill*         0x0000000008003b0a        0x2 
 .text._sbrk_r  0x0000000008003b0c       0x20 d:/bkra/keil c test/stm32cubeide_1.10.1/stm32cubeide/plugins/com.st.stm32cube.ide.mcu.externaltools.gnu-tools-for-stm32.10.3-2021.10.win32_1.0.0.202111181127/tools/bin/../lib/gcc/arm-none-eabi/10.3.1/../../../../arm-none-eabi/lib/thumb/v7-m/nofp\libc_nano.a(lib_a-sbrkr.o)
                0x0000000008003b0c                _sbrk_r
 .text.__malloc_lock
                0x0000000008003b2c        0xc d:/bkra/keil c test/stm32cubeide_1.10.1/stm32cubeide/plugins/com.st.stm32cube.ide.mcu.externaltools.gnu-tools-for-stm32.10.3-2021.10.win32_1.0.0.202111181127/tools/bin/../lib/gcc/arm-none-eabi/10.3.1/../../../../arm-none-eabi/lib/thumb/v7-m/nofp\libc_nano.a(lib_a-mlock.o)
                0x0000000008003b2c                __malloc_lock
 .text.__malloc_unlock
                0x0000000008003b38        0xc d:/bkra/keil c test/stm32cubeide_1.10.1/stm32cubeide/plugins/com.st.stm32cube.ide.mcu.externaltools.gnu-tools-for-stm32.10.3-2021.10.win32_1.0.0.202111181127/tools/bin/../lib/gcc/arm-none-eabi/10.3.1/../../../../arm-none-eabi/lib/thumb/v7-m/nofp\libc_nano.a(lib_a-mlock.o)
                0x0000000008003b38                __malloc_unlock
 .text._malloc_usable_size_r
                0x0000000008003b44       0x10 d:/bkra/keil c test/stm32cubeide_1.10.1/stm32cubeide/plugins/com.st.stm32cube.ide.mcu.externaltools.gnu-tools-for-stm32.10.3-2021.10.win32_1.0.0.202111181127/tools/bin/../lib/gcc/arm-none-eabi/10.3.1/../../../../arm-none-eabi/lib/thumb/v7-m/nofp\libc_nano.a(lib_a-nano-msizer.o)
                0x0000000008003b44                _malloc_usable_size_r
 .text.__retarget_lock_acquire_recursive
                0x0000000008003b54        0x2 d:/bkra/keil c test/stm32cubeide_1.10.1/stm32cubeide/plugins/com.st.stm32cube.ide.mcu.externaltools.gnu-tools-for-stm32.10.3-2021.10.win32_1.0.0.202111181127/tools/bin/../lib/gcc/arm-none-eabi/10.3.1/../../../../arm-none-eabi/lib/thumb/v7-m/nofp\libc_nano.a(lib_a-lock.o)
                0x0000000008003b54                __retarget_lock_acquire_recursive
 .text.__retarget_lock_release_recursive
                0x0000000008003b56        0x2 d:/bkra/keil c test/stm32cubeide_1.10.1/stm32cubeide/plugins/com.st.stm32cube.ide.mcu.externaltools.gnu-tools-for-stm32.10.3-2021.10.win32_1.0.0.202111181127/tools/bin/../lib/gcc/arm-none-eabi/10.3.1/../../../../arm-none-eabi/lib/thumb/v7-m/nofp\libc_nano.a(lib_a-lock.o)
                0x0000000008003b56                __retarget_lock_release_recursive
 *(.glue_7)
 .glue_7        0x0000000008003b58        0x0 linker stubs
 *(.glue_7t)
 .glue_7t       0x0000000008003b58        0x0 linker stubs
 *(.eh_frame)
 .eh_frame      0x0000000008003b58        0x0 d:/bkra/keil c test/stm32cubeide_1.10.1/stm32cubeide/plugins/com.st.stm32cube.ide.mcu.externaltools.gnu-tools-for-stm32.10.3-2021.10.win32_1.0.0.202111181127/tools/bin/../lib/gcc/arm-none-eabi/10.3.1/thumb/v7-m/nofp/crtbegin.o
 *(.init)
 .init          0x0000000008003b58        0x4 d:/bkra/keil c test/stm32cubeide_1.10.1/stm32cubeide/plugins/com.st.stm32cube.ide.mcu.externaltools.gnu-tools-for-stm32.10.3-2021.10.win32_1.0.0.202111181127/tools/bin/../lib/gcc/arm-none-eabi/10.3.1/thumb/v7-m/nofp/crti.o
                0x0000000008003b58                _init
 .init          0x0000000008003b5c        0x8 d:/bkra/keil c test/stm32cubeide_1.10.1/stm32cubeide/plugins/com.st.stm32cube.ide.mcu.externaltools.gnu-tools-for-stm32.10.3-2021.10.win32_1.0.0.202111181127/tools/bin/../lib/gcc/arm-none-eabi/10.3.1/thumb/v7-m/nofp/crtn.o
 *(.fini)
 .fini          0x0000000008003b64        0x4 d:/bkra/keil c test/stm32cubeide_1.10.1/stm32cubeide/plugins/com.st.stm32cube.ide.mcu.externaltools.gnu-tools-for-stm32.10.3-2021.10.win32_1.0.0.202111181127/tools/bin/../lib/gcc/arm-none-eabi/10.3.1/thumb/v7-m/nofp/crti.o
                0x0000000008003b64                _fini
 .fini          0x0000000008003b68        0x8 d:/bkra/keil c test/stm32cubeide_1.10.1/stm32cubeide/plugins/com.st.stm32cube.ide.mcu.externaltools.gnu-tools-for-stm32.10.3-2021.10.win32_1.0.0.202111181127/tools/bin/../lib/gcc/arm-none-eabi/10.3.1/thumb/v7-m/nofp/crtn.o
                0x0000000008003b70                . = ALIGN (0x4)
                0x0000000008003b70                _etext = .

.vfp11_veneer   0x0000000008003b70        0x0
 .vfp11_veneer  0x0000000008003b70        0x0 linker stubs

.v4_bx          0x0000000008003b70        0x0
 .v4_bx         0x0000000008003b70        0x0 linker stubs

.iplt           0x0000000008003b70        0x0
 .iplt          0x0000000008003b70        0x0 d:/bkra/keil c test/stm32cubeide_1.10.1/stm32cubeide/plugins/com.st.stm32cube.ide.mcu.externaltools.gnu-tools-for-stm32.10.3-2021.10.win32_1.0.0.202111181127/tools/bin/../lib/gcc/arm-none-eabi/10.3.1/thumb/v7-m/nofp/crtbegin.o

.rodata         0x0000000008003b70       0x84
                0x0000000008003b70                . = ALIGN (0x4)
 *(.rodata)
 .rodata        0x0000000008003b70        0x8 ./Core/Src/input_reading.o
 .rodata        0x0000000008003b78       0x1a ./Core/Src/led_display.o
 *(.rodata*)
 *fill*         0x0000000008003b92        0x2 
 .rodata.AHBPrescTable
                0x0000000008003b94       0x10 ./Core/Src/system_stm32f1xx.o
                0x0000000008003b94                AHBPrescTable
 .rodata.APBPrescTable
                0x0000000008003ba4        0x8 ./Core/Src/system_stm32f1xx.o
                0x0000000008003ba4                APBPrescTable
 .rodata.aPLLMULFactorTable.1
                0x0000000008003bac       0x10 ./Drivers/STM32F1xx_HAL_Driver/Src/stm32f1xx_hal_rcc.o
 .rodata.aPredivFactorTable.0
                0x0000000008003bbc        0x2 ./Drivers/STM32F1xx_HAL_Driver/Src/stm32f1xx_hal_rcc.o
 .rodata._svfprintf_r.str1.1
                0x0000000008003bbe       0x11 d:/bkra/keil c test/stm32cubeide_1.10.1/stm32cubeide/plugins/com.st.stm32cube.ide.mcu.externaltools.gnu-tools-for-stm32.10.3-2021.10.win32_1.0.0.202111181127/tools/bin/../lib/gcc/arm-none-eabi/10.3.1/../../../../arm-none-eabi/lib/thumb/v7-m/nofp\libc_nano.a(lib_a-nano-svfprintf.o)
 .rodata._printf_i.str1.1
                0x0000000008003bcf       0x22 d:/bkra/keil c test/stm32cubeide_1.10.1/stm32cubeide/plugins/com.st.stm32cube.ide.mcu.externaltools.gnu-tools-for-stm32.10.3-2021.10.win32_1.0.0.202111181127/tools/bin/../lib/gcc/arm-none-eabi/10.3.1/../../../../arm-none-eabi/lib/thumb/v7-m/nofp\libc_nano.a(lib_a-nano-vfprintf_i.o)
                0x0000000008003bf4                . = ALIGN (0x4)
 *fill*         0x0000000008003bf1        0x3 

.rel.dyn        0x0000000008003bf4        0x0
 .rel.iplt      0x0000000008003bf4        0x0 d:/bkra/keil c test/stm32cubeide_1.10.1/stm32cubeide/plugins/com.st.stm32cube.ide.mcu.externaltools.gnu-tools-for-stm32.10.3-2021.10.win32_1.0.0.202111181127/tools/bin/../lib/gcc/arm-none-eabi/10.3.1/thumb/v7-m/nofp/crtbegin.o

.ARM.extab      0x0000000008003bf4        0x0
                0x0000000008003bf4                . = ALIGN (0x4)
 *(.ARM.extab* .gnu.linkonce.armextab.*)
                0x0000000008003bf4                . = ALIGN (0x4)

.ARM            0x0000000008003bf4        0x0
                0x0000000008003bf4                . = ALIGN (0x4)
                0x0000000008003bf4                __exidx_start = .
 *(.ARM.exidx*)
                0x0000000008003bf4                __exidx_end = .
                0x0000000008003bf4                . = ALIGN (0x4)

.preinit_array  0x0000000008003bf4        0x0
                0x0000000008003bf4                . = ALIGN (0x4)
                0x0000000008003bf4                PROVIDE (__preinit_array_start = .)
 *(.preinit_array*)
                0x0000000008003bf4                PROVIDE (__preinit_array_end = .)
                0x0000000008003bf4                . = ALIGN (0x4)

.init_array     0x0000000008003bf4        0x4
                0x0000000008003bf4                . = ALIGN (0x4)
                0x0000000008003bf4                PROVIDE (__init_array_start = .)
 *(SORT_BY_NAME(.init_array.*))
 *(.init_array*)
 .init_array    0x0000000008003bf4        0x4 d:/bkra/keil c test/stm32cubeide_1.10.1/stm32cubeide/plugins/com.st.stm32cube.ide.mcu.externaltools.gnu-tools-for-stm32.10.3-2021.10.win32_1.0.0.202111181127/tools/bin/../lib/gcc/arm-none-eabi/10.3.1/thumb/v7-m/nofp/crtbegin.o
                0x0000000008003bf8                PROVIDE (__init_array_end = .)
                0x0000000008003bf8                . = ALIGN (0x4)

.fini_array     0x0000000008003bf8        0x4
                0x0000000008003bf8                . = ALIGN (0x4)
                [!provide]                        PROVIDE (__fini_array_start = .)
 *(SORT_BY_NAME(.fini_array.*))
 *(.fini_array*)
 .fini_array    0x0000000008003bf8        0x4 d:/bkra/keil c test/stm32cubeide_1.10.1/stm32cubeide/plugins/com.st.stm32cube.ide.mcu.externaltools.gnu-tools-for-stm32.10.3-2021.10.win32_1.0.0.202111181127/tools/bin/../lib/gcc/arm-none-eabi/10.3.1/thumb/v7-m/nofp/crtbegin.o
                [!provide]                        PROVIDE (__fini_array_end = .)
                0x0000000008003bfc                . = ALIGN (0x4)
                0x0000000008003bfc                _sidata = LOADADDR (.data)

.data           0x0000000020000000       0x9c load address 0x0000000008003bfc
                0x0000000020000000                . = ALIGN (0x4)
                0x0000000020000000                _sdata = .
 *(.data)
 *(.data*)
 .data.modemode
                0x0000000020000000        0x1 ./Core/Src/input_processing.o
                0x0000000020000000                modemode
 *fill*         0x0000000020000001        0x3 
 .data.mode     0x0000000020000004        0x4 ./Core/Src/led_display.o
                0x0000000020000004                mode
 .data.cntred   0x0000000020000008        0x4 ./Core/Src/led_display.o
                0x0000000020000008                cntred
 .data.cntye    0x000000002000000c        0x4 ./Core/Src/led_display.o
                0x000000002000000c                cntye
 .data.cntgr    0x0000000020000010        0x4 ./Core/Src/led_display.o
                0x0000000020000010                cntgr
 .data.cntred2  0x0000000020000014        0x4 ./Core/Src/led_display.o
                0x0000000020000014                cntred2
 .data.cntye2   0x0000000020000018        0x4 ./Core/Src/led_display.o
                0x0000000020000018                cntye2
 .data.cntgr2   0x000000002000001c        0x4 ./Core/Src/led_display.o
                0x000000002000001c                cntgr2
 .data.red_duration
                0x0000000020000020        0x4 ./Core/Src/led_display.o
                0x0000000020000020                red_duration
 .data.yellow_duration
                0x0000000020000024        0x4 ./Core/Src/led_display.o
                0x0000000020000024                yellow_duration
 .data.green_duration
                0x0000000020000028        0x4 ./Core/Src/led_display.o
                0x0000000020000028                green_duration
 .data.SystemCoreClock
                0x000000002000002c        0x4 ./Core/Src/system_stm32f1xx.o
                0x000000002000002c                SystemCoreClock
 .data.uwTickPrio
                0x0000000020000030        0x4 ./Drivers/STM32F1xx_HAL_Driver/Src/stm32f1xx_hal.o
                0x0000000020000030                uwTickPrio
 .data.uwTickFreq
                0x0000000020000034        0x1 ./Drivers/STM32F1xx_HAL_Driver/Src/stm32f1xx_hal.o
                0x0000000020000034                uwTickFreq
 *fill*         0x0000000020000035        0x3 
 .data._impure_ptr
                0x0000000020000038        0x4 d:/bkra/keil c test/stm32cubeide_1.10.1/stm32cubeide/plugins/com.st.stm32cube.ide.mcu.externaltools.gnu-tools-for-stm32.10.3-2021.10.win32_1.0.0.202111181127/tools/bin/../lib/gcc/arm-none-eabi/10.3.1/../../../../arm-none-eabi/lib/thumb/v7-m/nofp\libc_nano.a(lib_a-impure.o)
                0x0000000020000038                _impure_ptr
 .data.impure_data
                0x000000002000003c       0x60 d:/bkra/keil c test/stm32cubeide_1.10.1/stm32cubeide/plugins/com.st.stm32cube.ide.mcu.externaltools.gnu-tools-for-stm32.10.3-2021.10.win32_1.0.0.202111181127/tools/bin/../lib/gcc/arm-none-eabi/10.3.1/../../../../arm-none-eabi/lib/thumb/v7-m/nofp\libc_nano.a(lib_a-impure.o)
 *(.RamFunc)
 *(.RamFunc*)
                0x000000002000009c                . = ALIGN (0x4)
                0x000000002000009c                _edata = .

.igot.plt       0x000000002000009c        0x0 load address 0x0000000008003c98
 .igot.plt      0x000000002000009c        0x0 d:/bkra/keil c test/stm32cubeide_1.10.1/stm32cubeide/plugins/com.st.stm32cube.ide.mcu.externaltools.gnu-tools-for-stm32.10.3-2021.10.win32_1.0.0.202111181127/tools/bin/../lib/gcc/arm-none-eabi/10.3.1/thumb/v7-m/nofp/crtbegin.o
                0x000000002000009c                . = ALIGN (0x4)

.bss            0x000000002000009c      0x178 load address 0x0000000008003c98
                0x000000002000009c                _sbss = .
                0x000000002000009c                __bss_start__ = _sbss
 *(.bss)
 .bss           0x000000002000009c       0x1c d:/bkra/keil c test/stm32cubeide_1.10.1/stm32cubeide/plugins/com.st.stm32cube.ide.mcu.externaltools.gnu-tools-for-stm32.10.3-2021.10.win32_1.0.0.202111181127/tools/bin/../lib/gcc/arm-none-eabi/10.3.1/thumb/v7-m/nofp/crtbegin.o
 *(.bss*)
 .bss.button1_flag
                0x00000000200000b8        0x1 ./Core/Src/input_processing.o
                0x00000000200000b8                button1_flag
 .bss.button2_flag
                0x00000000200000b9        0x1 ./Core/Src/input_processing.o
                0x00000000200000b9                button2_flag
 .bss.button3_flag
                0x00000000200000ba        0x1 ./Core/Src/input_processing.o
                0x00000000200000ba                button3_flag
 .bss.button4_flag
                0x00000000200000bb        0x1 ./Core/Src/input_processing.o
                0x00000000200000bb                button4_flag
 .bss.prev_button_states.0
                0x00000000200000bc        0x4 ./Core/Src/input_processing.o
 .bss.buttonBuffer
                0x00000000200000c0        0x4 ./Core/Src/input_reading.o
 .bss.debounceButtonBuffer1
                0x00000000200000c4        0x4 ./Core/Src/input_reading.o
 .bss.debounceButtonBuffer2
                0x00000000200000c8        0x4 ./Core/Src/input_reading.o
 .bss.flagForButtonPress1s
                0x00000000200000cc        0x4 ./Core/Src/input_reading.o
 .bss.counterForButtonPress1s
                0x00000000200000d0        0x8 ./Core/Src/input_reading.o
 .bss.num11     0x00000000200000d8        0x4 ./Core/Src/led_display.o
                0x00000000200000d8                num11
 .bss.num22     0x00000000200000dc        0x4 ./Core/Src/led_display.o
                0x00000000200000dc                num22
 .bss.new_red_duration
                0x00000000200000e0        0x4 ./Core/Src/led_display.o
                0x00000000200000e0                new_red_duration
 .bss.new_yellow_duration
                0x00000000200000e4        0x4 ./Core/Src/led_display.o
                0x00000000200000e4                new_yellow_duration
 .bss.new_green_duration
                0x00000000200000e8        0x4 ./Core/Src/led_display.o
                0x00000000200000e8                new_green_duration
 .bss.mode_str  0x00000000200000ec        0xa ./Core/Src/led_display.o
                0x00000000200000ec                mode_str
 *fill*         0x00000000200000f6        0x2 
 .bss.num1      0x00000000200000f8        0xa ./Core/Src/led_display.o
                0x00000000200000f8                num1
 *fill*         0x0000000020000102        0x2 
 .bss.num2      0x0000000020000104        0xa ./Core/Src/led_display.o
                0x0000000020000104                num2
 *fill*         0x000000002000010e        0x2 
 .bss.hi2c1     0x0000000020000110       0x54 ./Core/Src/main.o
                0x0000000020000110                hi2c1
 .bss.htim2     0x0000000020000164       0x48 ./Core/Src/main.o
                0x0000000020000164                htim2
 .bss.__sbrk_heap_end
                0x00000000200001ac        0x4 ./Core/Src/sysmem.o
 .bss.timer_flag
                0x00000000200001b0       0x28 ./Core/Src/timer.o
                0x00000000200001b0                timer_flag
 .bss.timer_counter
                0x00000000200001d8       0x28 ./Core/Src/timer.o
                0x00000000200001d8                timer_counter
 .bss.uwTick    0x0000000020000200        0x4 ./Drivers/STM32F1xx_HAL_Driver/Src/stm32f1xx_hal.o
                0x0000000020000200                uwTick
 .bss.__malloc_free_list
                0x0000000020000204        0x4 d:/bkra/keil c test/stm32cubeide_1.10.1/stm32cubeide/plugins/com.st.stm32cube.ide.mcu.externaltools.gnu-tools-for-stm32.10.3-2021.10.win32_1.0.0.202111181127/tools/bin/../lib/gcc/arm-none-eabi/10.3.1/../../../../arm-none-eabi/lib/thumb/v7-m/nofp\libc_nano.a(lib_a-nano-mallocr.o)
                0x0000000020000204                __malloc_free_list
 .bss.__malloc_sbrk_start
                0x0000000020000208        0x4 d:/bkra/keil c test/stm32cubeide_1.10.1/stm32cubeide/plugins/com.st.stm32cube.ide.mcu.externaltools.gnu-tools-for-stm32.10.3-2021.10.win32_1.0.0.202111181127/tools/bin/../lib/gcc/arm-none-eabi/10.3.1/../../../../arm-none-eabi/lib/thumb/v7-m/nofp\libc_nano.a(lib_a-nano-mallocr.o)
                0x0000000020000208                __malloc_sbrk_start
 .bss.errno     0x000000002000020c        0x4 d:/bkra/keil c test/stm32cubeide_1.10.1/stm32cubeide/plugins/com.st.stm32cube.ide.mcu.externaltools.gnu-tools-for-stm32.10.3-2021.10.win32_1.0.0.202111181127/tools/bin/../lib/gcc/arm-none-eabi/10.3.1/../../../../arm-none-eabi/lib/thumb/v7-m/nofp\libc_nano.a(lib_a-reent.o)
                0x000000002000020c                errno
 .bss.__lock___malloc_recursive_mutex
                0x0000000020000210        0x1 d:/bkra/keil c test/stm32cubeide_1.10.1/stm32cubeide/plugins/com.st.stm32cube.ide.mcu.externaltools.gnu-tools-for-stm32.10.3-2021.10.win32_1.0.0.202111181127/tools/bin/../lib/gcc/arm-none-eabi/10.3.1/../../../../arm-none-eabi/lib/thumb/v7-m/nofp\libc_nano.a(lib_a-lock.o)
                0x0000000020000210                __lock___malloc_recursive_mutex
 *(COMMON)
                0x0000000020000214                . = ALIGN (0x4)
 *fill*         0x0000000020000211        0x3 
                0x0000000020000214                _ebss = .
                0x0000000020000214                __bss_end__ = _ebss

._user_heap_stack
                0x0000000020000214      0x604 load address 0x0000000008003c98
                0x0000000020000218                . = ALIGN (0x8)
 *fill*         0x0000000020000214        0x4 
                [!provide]                        PROVIDE (end = .)
                0x0000000020000218                PROVIDE (_end = .)
                0x0000000020000418                . = (. + _Min_Heap_Size)
 *fill*         0x0000000020000218      0x200 
                0x0000000020000818                . = (. + _Min_Stack_Size)
 *fill*         0x0000000020000418      0x400 
                0x0000000020000818                . = ALIGN (0x8)

/DISCARD/
 libc.a(*)
 libm.a(*)
 libgcc.a(*)

.ARM.attributes
                0x0000000000000000       0x29
 *(.ARM.attributes)
 .ARM.attributes
                0x0000000000000000       0x1d d:/bkra/keil c test/stm32cubeide_1.10.1/stm32cubeide/plugins/com.st.stm32cube.ide.mcu.externaltools.gnu-tools-for-stm32.10.3-2021.10.win32_1.0.0.202111181127/tools/bin/../lib/gcc/arm-none-eabi/10.3.1/thumb/v7-m/nofp/crti.o
 .ARM.attributes
                0x000000000000001d       0x2d d:/bkra/keil c test/stm32cubeide_1.10.1/stm32cubeide/plugins/com.st.stm32cube.ide.mcu.externaltools.gnu-tools-for-stm32.10.3-2021.10.win32_1.0.0.202111181127/tools/bin/../lib/gcc/arm-none-eabi/10.3.1/thumb/v7-m/nofp/crtbegin.o
 .ARM.attributes
                0x000000000000004a       0x2d ./Core/Src/i2c-lcd.o
 .ARM.attributes
                0x0000000000000077       0x2d ./Core/Src/input_processing.o
 .ARM.attributes
                0x00000000000000a4       0x2d ./Core/Src/input_reading.o
 .ARM.attributes
                0x00000000000000d1       0x2d ./Core/Src/led_display.o
 .ARM.attributes
                0x00000000000000fe       0x2d ./Core/Src/main.o
 .ARM.attributes
                0x000000000000012b       0x2d ./Core/Src/stm32f1xx_hal_msp.o
 .ARM.attributes
                0x0000000000000158       0x2d ./Core/Src/stm32f1xx_it.o
 .ARM.attributes
                0x0000000000000185       0x2d ./Core/Src/sysmem.o
 .ARM.attributes
                0x00000000000001b2       0x2d ./Core/Src/system_stm32f1xx.o
 .ARM.attributes
                0x00000000000001df       0x2d ./Core/Src/timer.o
 .ARM.attributes
                0x000000000000020c       0x21 ./Core/Startup/startup_stm32f103rbtx.o
 .ARM.attributes
                0x000000000000022d       0x2d ./Drivers/STM32F1xx_HAL_Driver/Src/stm32f1xx_hal.o
 .ARM.attributes
                0x000000000000025a       0x2d ./Drivers/STM32F1xx_HAL_Driver/Src/stm32f1xx_hal_cortex.o
 .ARM.attributes
                0x0000000000000287       0x2d ./Drivers/STM32F1xx_HAL_Driver/Src/stm32f1xx_hal_gpio.o
 .ARM.attributes
                0x00000000000002b4       0x2d ./Drivers/STM32F1xx_HAL_Driver/Src/stm32f1xx_hal_i2c.o
 .ARM.attributes
                0x00000000000002e1       0x2d ./Drivers/STM32F1xx_HAL_Driver/Src/stm32f1xx_hal_rcc.o
 .ARM.attributes
                0x000000000000030e       0x2d ./Drivers/STM32F1xx_HAL_Driver/Src/stm32f1xx_hal_tim.o
 .ARM.attributes
                0x000000000000033b       0x2d ./Drivers/STM32F1xx_HAL_Driver/Src/stm32f1xx_hal_tim_ex.o
 .ARM.attributes
                0x0000000000000368       0x2d d:/bkra/keil c test/stm32cubeide_1.10.1/stm32cubeide/plugins/com.st.stm32cube.ide.mcu.externaltools.gnu-tools-for-stm32.10.3-2021.10.win32_1.0.0.202111181127/tools/bin/../lib/gcc/arm-none-eabi/10.3.1/../../../../arm-none-eabi/lib/thumb/v7-m/nofp\libc_nano.a(lib_a-errno.o)
 .ARM.attributes
                0x0000000000000395       0x2d d:/bkra/keil c test/stm32cubeide_1.10.1/stm32cubeide/plugins/com.st.stm32cube.ide.mcu.externaltools.gnu-tools-for-stm32.10.3-2021.10.win32_1.0.0.202111181127/tools/bin/../lib/gcc/arm-none-eabi/10.3.1/../../../../arm-none-eabi/lib/thumb/v7-m/nofp\libc_nano.a(lib_a-impure.o)
 .ARM.attributes
                0x00000000000003c2       0x2d d:/bkra/keil c test/stm32cubeide_1.10.1/stm32cubeide/plugins/com.st.stm32cube.ide.mcu.externaltools.gnu-tools-for-stm32.10.3-2021.10.win32_1.0.0.202111181127/tools/bin/../lib/gcc/arm-none-eabi/10.3.1/../../../../arm-none-eabi/lib/thumb/v7-m/nofp\libc_nano.a(lib_a-init.o)
 .ARM.attributes
                0x00000000000003ef       0x2d d:/bkra/keil c test/stm32cubeide_1.10.1/stm32cubeide/plugins/com.st.stm32cube.ide.mcu.externaltools.gnu-tools-for-stm32.10.3-2021.10.win32_1.0.0.202111181127/tools/bin/../lib/gcc/arm-none-eabi/10.3.1/../../../../arm-none-eabi/lib/thumb/v7-m/nofp\libc_nano.a(lib_a-memset.o)
 .ARM.attributes
                0x000000000000041c       0x2d d:/bkra/keil c test/stm32cubeide_1.10.1/stm32cubeide/plugins/com.st.stm32cube.ide.mcu.externaltools.gnu-tools-for-stm32.10.3-2021.10.win32_1.0.0.202111181127/tools/bin/../lib/gcc/arm-none-eabi/10.3.1/../../../../arm-none-eabi/lib/thumb/v7-m/nofp\libc_nano.a(lib_a-sprintf.o)
 .ARM.attributes
                0x0000000000000449       0x2d d:/bkra/keil c test/stm32cubeide_1.10.1/stm32cubeide/plugins/com.st.stm32cube.ide.mcu.externaltools.gnu-tools-for-stm32.10.3-2021.10.win32_1.0.0.202111181127/tools/bin/../lib/gcc/arm-none-eabi/10.3.1/../../../../arm-none-eabi/lib/thumb/v7-m/nofp\libc_nano.a(lib_a-nano-svfprintf.o)
 .ARM.attributes
                0x0000000000000476       0x2d d:/bkra/keil c test/stm32cubeide_1.10.1/stm32cubeide/plugins/com.st.stm32cube.ide.mcu.externaltools.gnu-tools-for-stm32.10.3-2021.10.win32_1.0.0.202111181127/tools/bin/../lib/gcc/arm-none-eabi/10.3.1/../../../../arm-none-eabi/lib/thumb/v7-m/nofp\libc_nano.a(lib_a-nano-vfprintf_i.o)
 .ARM.attributes
                0x00000000000004a3       0x2d d:/bkra/keil c test/stm32cubeide_1.10.1/stm32cubeide/plugins/com.st.stm32cube.ide.mcu.externaltools.gnu-tools-for-stm32.10.3-2021.10.win32_1.0.0.202111181127/tools/bin/../lib/gcc/arm-none-eabi/10.3.1/../../../../arm-none-eabi/lib/thumb/v7-m/nofp\libc_nano.a(lib_a-memchr-stub.o)
 .ARM.attributes
                0x00000000000004d0       0x2d d:/bkra/keil c test/stm32cubeide_1.10.1/stm32cubeide/plugins/com.st.stm32cube.ide.mcu.externaltools.gnu-tools-for-stm32.10.3-2021.10.win32_1.0.0.202111181127/tools/bin/../lib/gcc/arm-none-eabi/10.3.1/../../../../arm-none-eabi/lib/thumb/v7-m/nofp\libc_nano.a(lib_a-memcpy-stub.o)
 .ARM.attributes
                0x00000000000004fd       0x2d d:/bkra/keil c test/stm32cubeide_1.10.1/stm32cubeide/plugins/com.st.stm32cube.ide.mcu.externaltools.gnu-tools-for-stm32.10.3-2021.10.win32_1.0.0.202111181127/tools/bin/../lib/gcc/arm-none-eabi/10.3.1/../../../../arm-none-eabi/lib/thumb/v7-m/nofp\libc_nano.a(lib_a-memmove.o)
 .ARM.attributes
                0x000000000000052a       0x2d d:/bkra/keil c test/stm32cubeide_1.10.1/stm32cubeide/plugins/com.st.stm32cube.ide.mcu.externaltools.gnu-tools-for-stm32.10.3-2021.10.win32_1.0.0.202111181127/tools/bin/../lib/gcc/arm-none-eabi/10.3.1/../../../../arm-none-eabi/lib/thumb/v7-m/nofp\libc_nano.a(lib_a-nano-freer.o)
 .ARM.attributes
                0x0000000000000557       0x2d d:/bkra/keil c test/stm32cubeide_1.10.1/stm32cubeide/plugins/com.st.stm32cube.ide.mcu.externaltools.gnu-tools-for-stm32.10.3-2021.10.win32_1.0.0.202111181127/tools/bin/../lib/gcc/arm-none-eabi/10.3.1/../../../../arm-none-eabi/lib/thumb/v7-m/nofp\libc_nano.a(lib_a-nano-mallocr.o)
 .ARM.attributes
                0x0000000000000584       0x2d d:/bkra/keil c test/stm32cubeide_1.10.1/stm32cubeide/plugins/com.st.stm32cube.ide.mcu.externaltools.gnu-tools-for-stm32.10.3-2021.10.win32_1.0.0.202111181127/tools/bin/../lib/gcc/arm-none-eabi/10.3.1/../../../../arm-none-eabi/lib/thumb/v7-m/nofp\libc_nano.a(lib_a-nano-reallocr.o)
 .ARM.attributes
                0x00000000000005b1       0x2d d:/bkra/keil c test/stm32cubeide_1.10.1/stm32cubeide/plugins/com.st.stm32cube.ide.mcu.externaltools.gnu-tools-for-stm32.10.3-2021.10.win32_1.0.0.202111181127/tools/bin/../lib/gcc/arm-none-eabi/10.3.1/../../../../arm-none-eabi/lib/thumb/v7-m/nofp\libc_nano.a(lib_a-sbrkr.o)
 .ARM.attributes
                0x00000000000005de       0x2d d:/bkra/keil c test/stm32cubeide_1.10.1/stm32cubeide/plugins/com.st.stm32cube.ide.mcu.externaltools.gnu-tools-for-stm32.10.3-2021.10.win32_1.0.0.202111181127/tools/bin/../lib/gcc/arm-none-eabi/10.3.1/../../../../arm-none-eabi/lib/thumb/v7-m/nofp\libc_nano.a(lib_a-mlock.o)
 .ARM.attributes
                0x000000000000060b       0x2d d:/bkra/keil c test/stm32cubeide_1.10.1/stm32cubeide/plugins/com.st.stm32cube.ide.mcu.externaltools.gnu-tools-for-stm32.10.3-2021.10.win32_1.0.0.202111181127/tools/bin/../lib/gcc/arm-none-eabi/10.3.1/../../../../arm-none-eabi/lib/thumb/v7-m/nofp\libc_nano.a(lib_a-nano-msizer.o)
 .ARM.attributes
                0x0000000000000638       0x2d d:/bkra/keil c test/stm32cubeide_1.10.1/stm32cubeide/plugins/com.st.stm32cube.ide.mcu.externaltools.gnu-tools-for-stm32.10.3-2021.10.win32_1.0.0.202111181127/tools/bin/../lib/gcc/arm-none-eabi/10.3.1/../../../../arm-none-eabi/lib/thumb/v7-m/nofp\libc_nano.a(lib_a-reent.o)
 .ARM.attributes
                0x0000000000000665       0x2d d:/bkra/keil c test/stm32cubeide_1.10.1/stm32cubeide/plugins/com.st.stm32cube.ide.mcu.externaltools.gnu-tools-for-stm32.10.3-2021.10.win32_1.0.0.202111181127/tools/bin/../lib/gcc/arm-none-eabi/10.3.1/../../../../arm-none-eabi/lib/thumb/v7-m/nofp\libc_nano.a(lib_a-lock.o)
 .ARM.attributes
                0x0000000000000692       0x1d d:/bkra/keil c test/stm32cubeide_1.10.1/stm32cubeide/plugins/com.st.stm32cube.ide.mcu.externaltools.gnu-tools-for-stm32.10.3-2021.10.win32_1.0.0.202111181127/tools/bin/../lib/gcc/arm-none-eabi/10.3.1/thumb/v7-m/nofp/crtn.o
OUTPUT(RB.elf elf32-littlearm)
LOAD linker stubs
LOAD d:/bkra/keil c test/stm32cubeide_1.10.1/stm32cubeide/plugins/com.st.stm32cube.ide.mcu.externaltools.gnu-tools-for-stm32.10.3-2021.10.win32_1.0.0.202111181127/tools/bin/../lib/gcc/arm-none-eabi/10.3.1/../../../../arm-none-eabi/lib/thumb/v7-m/nofp\libc.a
LOAD d:/bkra/keil c test/stm32cubeide_1.10.1/stm32cubeide/plugins/com.st.stm32cube.ide.mcu.externaltools.gnu-tools-for-stm32.10.3-2021.10.win32_1.0.0.202111181127/tools/bin/../lib/gcc/arm-none-eabi/10.3.1/../../../../arm-none-eabi/lib/thumb/v7-m/nofp\libm.a
LOAD d:/bkra/keil c test/stm32cubeide_1.10.1/stm32cubeide/plugins/com.st.stm32cube.ide.mcu.externaltools.gnu-tools-for-stm32.10.3-2021.10.win32_1.0.0.202111181127/tools/bin/../lib/gcc/arm-none-eabi/10.3.1/thumb/v7-m/nofp\libgcc.a

.debug_info     0x0000000000000000     0xccfe
 .debug_info    0x0000000000000000      0x77a ./Core/Src/i2c-lcd.o
 .debug_info    0x000000000000077a      0x314 ./Core/Src/input_processing.o
 .debug_info    0x0000000000000a8e      0x2a8 ./Core/Src/input_reading.o
 .debug_info    0x0000000000000d36      0x65f ./Core/Src/led_display.o
 .debug_info    0x0000000000001395      0xf11 ./Core/Src/main.o
 .debug_info    0x00000000000022a6      0xe1d ./Core/Src/stm32f1xx_hal_msp.o
 .debug_info    0x00000000000030c3      0x6ef ./Core/Src/stm32f1xx_it.o
 .debug_info    0x00000000000037b2      0x171 ./Core/Src/sysmem.o
 .debug_info    0x0000000000003923      0x23d ./Core/Src/system_stm32f1xx.o
 .debug_info    0x0000000000003b60      0x7ab ./Core/Src/timer.o
 .debug_info    0x000000000000430b       0x22 ./Core/Startup/startup_stm32f103rbtx.o
 .debug_info    0x000000000000432d      0x734 ./Drivers/STM32F1xx_HAL_Driver/Src/stm32f1xx_hal.o
 .debug_info    0x0000000000004a61      0xb20 ./Drivers/STM32F1xx_HAL_Driver/Src/stm32f1xx_hal_cortex.o
 .debug_info    0x0000000000005581      0x615 ./Drivers/STM32F1xx_HAL_Driver/Src/stm32f1xx_hal_gpio.o
 .debug_info    0x0000000000005b96     0x2771 ./Drivers/STM32F1xx_HAL_Driver/Src/stm32f1xx_hal_i2c.o
 .debug_info    0x0000000000008307      0x865 ./Drivers/STM32F1xx_HAL_Driver/Src/stm32f1xx_hal_rcc.o
 .debug_info    0x0000000000008b6c     0x2bcb ./Drivers/STM32F1xx_HAL_Driver/Src/stm32f1xx_hal_tim.o
 .debug_info    0x000000000000b737     0x15c7 ./Drivers/STM32F1xx_HAL_Driver/Src/stm32f1xx_hal_tim_ex.o

.debug_abbrev   0x0000000000000000     0x209f
 .debug_abbrev  0x0000000000000000      0x1c4 ./Core/Src/i2c-lcd.o
 .debug_abbrev  0x00000000000001c4      0x179 ./Core/Src/input_processing.o
 .debug_abbrev  0x000000000000033d      0x14e ./Core/Src/input_reading.o
 .debug_abbrev  0x000000000000048b      0x180 ./Core/Src/led_display.o
 .debug_abbrev  0x000000000000060b      0x2a3 ./Core/Src/main.o
 .debug_abbrev  0x00000000000008ae      0x1c5 ./Core/Src/stm32f1xx_hal_msp.o
 .debug_abbrev  0x0000000000000a73      0x184 ./Core/Src/stm32f1xx_it.o
 .debug_abbrev  0x0000000000000bf7       0xbb ./Core/Src/sysmem.o
 .debug_abbrev  0x0000000000000cb2      0x13b ./Core/Src/system_stm32f1xx.o
 .debug_abbrev  0x0000000000000ded      0x1fd ./Core/Src/timer.o
 .debug_abbrev  0x0000000000000fea       0x12 ./Core/Startup/startup_stm32f103rbtx.o
 .debug_abbrev  0x0000000000000ffc      0x1fb ./Drivers/STM32F1xx_HAL_Driver/Src/stm32f1xx_hal.o
 .debug_abbrev  0x00000000000011f7      0x2ed ./Drivers/STM32F1xx_HAL_Driver/Src/stm32f1xx_hal_cortex.o
 .debug_abbrev  0x00000000000014e4      0x1bb ./Drivers/STM32F1xx_HAL_Driver/Src/stm32f1xx_hal_gpio.o
 .debug_abbrev  0x000000000000169f      0x288 ./Drivers/STM32F1xx_HAL_Driver/Src/stm32f1xx_hal_i2c.o
 .debug_abbrev  0x0000000000001927      0x2a8 ./Drivers/STM32F1xx_HAL_Driver/Src/stm32f1xx_hal_rcc.o
 .debug_abbrev  0x0000000000001bcf      0x264 ./Drivers/STM32F1xx_HAL_Driver/Src/stm32f1xx_hal_tim.o
 .debug_abbrev  0x0000000000001e33      0x26c ./Drivers/STM32F1xx_HAL_Driver/Src/stm32f1xx_hal_tim_ex.o

.debug_aranges  0x0000000000000000      0xdd0
 .debug_aranges
                0x0000000000000000       0x48 ./Core/Src/i2c-lcd.o
 .debug_aranges
                0x0000000000000048       0x30 ./Core/Src/input_processing.o
 .debug_aranges
                0x0000000000000078       0x30 ./Core/Src/input_reading.o
 .debug_aranges
                0x00000000000000a8       0xe8 ./Core/Src/led_display.o
 .debug_aranges
                0x0000000000000190       0x48 ./Core/Src/main.o
 .debug_aranges
                0x00000000000001d8       0x40 ./Core/Src/stm32f1xx_hal_msp.o
 .debug_aranges
                0x0000000000000218       0x68 ./Core/Src/stm32f1xx_it.o
 .debug_aranges
                0x0000000000000280       0x20 ./Core/Src/sysmem.o
 .debug_aranges
                0x00000000000002a0       0x28 ./Core/Src/system_stm32f1xx.o
 .debug_aranges
                0x00000000000002c8       0x38 ./Core/Src/timer.o
 .debug_aranges
                0x0000000000000300       0x28 ./Core/Startup/startup_stm32f103rbtx.o
 .debug_aranges
                0x0000000000000328       0xe0 ./Drivers/STM32F1xx_HAL_Driver/Src/stm32f1xx_hal.o
 .debug_aranges
                0x0000000000000408      0x100 ./Drivers/STM32F1xx_HAL_Driver/Src/stm32f1xx_hal_cortex.o
 .debug_aranges
                0x0000000000000508       0x58 ./Drivers/STM32F1xx_HAL_Driver/Src/stm32f1xx_hal_gpio.o
 .debug_aranges
                0x0000000000000560      0x2a8 ./Drivers/STM32F1xx_HAL_Driver/Src/stm32f1xx_hal_i2c.o
 .debug_aranges
                0x0000000000000808       0x90 ./Drivers/STM32F1xx_HAL_Driver/Src/stm32f1xx_hal_rcc.o
 .debug_aranges
                0x0000000000000898      0x3d0 ./Drivers/STM32F1xx_HAL_Driver/Src/stm32f1xx_hal_tim.o
 .debug_aranges
                0x0000000000000c68      0x168 ./Drivers/STM32F1xx_HAL_Driver/Src/stm32f1xx_hal_tim_ex.o

.debug_ranges   0x0000000000000000      0xcd0
 .debug_ranges  0x0000000000000000       0x38 ./Core/Src/i2c-lcd.o
 .debug_ranges  0x0000000000000038       0x20 ./Core/Src/input_processing.o
 .debug_ranges  0x0000000000000058       0x20 ./Core/Src/input_reading.o
 .debug_ranges  0x0000000000000078       0xd8 ./Core/Src/led_display.o
 .debug_ranges  0x0000000000000150       0x38 ./Core/Src/main.o
 .debug_ranges  0x0000000000000188       0x30 ./Core/Src/stm32f1xx_hal_msp.o
 .debug_ranges  0x00000000000001b8       0x58 ./Core/Src/stm32f1xx_it.o
 .debug_ranges  0x0000000000000210       0x10 ./Core/Src/sysmem.o
 .debug_ranges  0x0000000000000220       0x18 ./Core/Src/system_stm32f1xx.o
 .debug_ranges  0x0000000000000238       0x28 ./Core/Src/timer.o
 .debug_ranges  0x0000000000000260       0x20 ./Core/Startup/startup_stm32f103rbtx.o
 .debug_ranges  0x0000000000000280       0xd0 ./Drivers/STM32F1xx_HAL_Driver/Src/stm32f1xx_hal.o
 .debug_ranges  0x0000000000000350       0xf0 ./Drivers/STM32F1xx_HAL_Driver/Src/stm32f1xx_hal_cortex.o
 .debug_ranges  0x0000000000000440       0x48 ./Drivers/STM32F1xx_HAL_Driver/Src/stm32f1xx_hal_gpio.o
 .debug_ranges  0x0000000000000488      0x2b0 ./Drivers/STM32F1xx_HAL_Driver/Src/stm32f1xx_hal_i2c.o
 .debug_ranges  0x0000000000000738       0x80 ./Drivers/STM32F1xx_HAL_Driver/Src/stm32f1xx_hal_rcc.o
 .debug_ranges  0x00000000000007b8      0x3c0 ./Drivers/STM32F1xx_HAL_Driver/Src/stm32f1xx_hal_tim.o
 .debug_ranges  0x0000000000000b78      0x158 ./Drivers/STM32F1xx_HAL_Driver/Src/stm32f1xx_hal_tim_ex.o

.debug_macro    0x0000000000000000    0x17b0a
 .debug_macro   0x0000000000000000      0x27b ./Core/Src/i2c-lcd.o
 .debug_macro   0x000000000000027b      0x21b ./Core/Src/i2c-lcd.o
 .debug_macro   0x0000000000000496       0x2e ./Core/Src/i2c-lcd.o
 .debug_macro   0x00000000000004c4       0x22 ./Core/Src/i2c-lcd.o
 .debug_macro   0x00000000000004e6       0x22 ./Core/Src/i2c-lcd.o
 .debug_macro   0x0000000000000508       0x8e ./Core/Src/i2c-lcd.o
 .debug_macro   0x0000000000000596       0x51 ./Core/Src/i2c-lcd.o
 .debug_macro   0x00000000000005e7      0x103 ./Core/Src/i2c-lcd.o
 .debug_macro   0x00000000000006ea       0x6a ./Core/Src/i2c-lcd.o
 .debug_macro   0x0000000000000754      0x1df ./Core/Src/i2c-lcd.o
 .debug_macro   0x0000000000000933       0x1c ./Core/Src/i2c-lcd.o
 .debug_macro   0x000000000000094f       0x22 ./Core/Src/i2c-lcd.o
 .debug_macro   0x0000000000000971       0xbd ./Core/Src/i2c-lcd.o
 .debug_macro   0x0000000000000a2e      0xd23 ./Core/Src/i2c-lcd.o
 .debug_macro   0x0000000000001751     0xe09e ./Core/Src/i2c-lcd.o
 .debug_macro   0x000000000000f7ef       0x6d ./Core/Src/i2c-lcd.o
 .debug_macro   0x000000000000f85c     0x34a2 ./Core/Src/i2c-lcd.o
 .debug_macro   0x0000000000012cfe      0x174 ./Core/Src/i2c-lcd.o
 .debug_macro   0x0000000000012e72       0x5c ./Core/Src/i2c-lcd.o
 .debug_macro   0x0000000000012ece      0x5bc ./Core/Src/i2c-lcd.o
 .debug_macro   0x000000000001348a      0x289 ./Core/Src/i2c-lcd.o
 .debug_macro   0x0000000000013713      0x1cb ./Core/Src/i2c-lcd.o
 .debug_macro   0x00000000000138de      0x114 ./Core/Src/i2c-lcd.o
 .debug_macro   0x00000000000139f2      0x1b2 ./Core/Src/i2c-lcd.o
 .debug_macro   0x0000000000013ba4       0x27 ./Core/Src/i2c-lcd.o
 .debug_macro   0x0000000000013bcb      0x136 ./Core/Src/i2c-lcd.o
 .debug_macro   0x0000000000013d01      0x1bc ./Core/Src/i2c-lcd.o
 .debug_macro   0x0000000000013ebd       0x34 ./Core/Src/i2c-lcd.o
 .debug_macro   0x0000000000013ef1       0x3c ./Core/Src/i2c-lcd.o
 .debug_macro   0x0000000000013f2d       0x57 ./Core/Src/i2c-lcd.o
 .debug_macro   0x0000000000013f84       0x87 ./Core/Src/i2c-lcd.o
 .debug_macro   0x000000000001400b      0x240 ./Core/Src/i2c-lcd.o
 .debug_macro   0x000000000001424b      0x287 ./Core/Src/i2c-lcd.o
 .debug_macro   0x00000000000144d2      0x140 ./Core/Src/i2c-lcd.o
 .debug_macro   0x0000000000014612      0x8ed ./Core/Src/i2c-lcd.o
 .debug_macro   0x0000000000014eff       0x83 ./Core/Src/i2c-lcd.o
 .debug_macro   0x0000000000014f82       0x52 ./Core/Src/i2c-lcd.o
 .debug_macro   0x0000000000014fd4       0x18 ./Core/Src/i2c-lcd.o
 .debug_macro   0x0000000000014fec       0x3c ./Core/Src/i2c-lcd.o
 .debug_macro   0x0000000000015028       0x34 ./Core/Src/i2c-lcd.o
 .debug_macro   0x000000000001505c       0x16 ./Core/Src/i2c-lcd.o
 .debug_macro   0x0000000000015072       0x43 ./Core/Src/i2c-lcd.o
 .debug_macro   0x00000000000150b5       0x34 ./Core/Src/i2c-lcd.o
 .debug_macro   0x00000000000150e9       0x10 ./Core/Src/i2c-lcd.o
 .debug_macro   0x00000000000150f9       0x58 ./Core/Src/i2c-lcd.o
 .debug_macro   0x0000000000015151       0x71 ./Core/Src/i2c-lcd.o
 .debug_macro   0x00000000000151c2       0x1c ./Core/Src/i2c-lcd.o
 .debug_macro   0x00000000000151de      0x12a ./Core/Src/i2c-lcd.o
 .debug_macro   0x0000000000015308      0x341 ./Core/Src/i2c-lcd.o
 .debug_macro   0x0000000000015649       0x10 ./Core/Src/i2c-lcd.o
 .debug_macro   0x0000000000015659       0x35 ./Core/Src/i2c-lcd.o
 .debug_macro   0x000000000001568e       0x20 ./Core/Src/i2c-lcd.o
 .debug_macro   0x00000000000156ae      0x1e0 ./Core/Src/input_processing.o
 .debug_macro   0x000000000001588e      0x100 ./Core/Src/input_processing.o
 .debug_macro   0x000000000001598e      0x1e2 ./Core/Src/input_reading.o
 .debug_macro   0x0000000000015b70      0x367 ./Core/Src/led_display.o
 .debug_macro   0x0000000000015ed7       0x1c ./Core/Src/led_display.o
 .debug_macro   0x0000000000015ef3       0x10 ./Core/Src/led_display.o
 .debug_macro   0x0000000000015f03       0x10 ./Core/Src/led_display.o
 .debug_macro   0x0000000000015f13       0x1c ./Core/Src/led_display.o
 .debug_macro   0x0000000000015f2f       0x52 ./Core/Src/led_display.o
 .debug_macro   0x0000000000015f81       0x22 ./Core/Src/led_display.o
 .debug_macro   0x0000000000015fa3       0x10 ./Core/Src/led_display.o
 .debug_macro   0x0000000000015fb3       0x52 ./Core/Src/led_display.o
 .debug_macro   0x0000000000016005       0xd5 ./Core/Src/led_display.o
 .debug_macro   0x00000000000160da       0x1c ./Core/Src/led_display.o
 .debug_macro   0x00000000000160f6       0x3d ./Core/Src/led_display.o
 .debug_macro   0x0000000000016133       0x16 ./Core/Src/led_display.o
 .debug_macro   0x0000000000016149      0x145 ./Core/Src/led_display.o
 .debug_macro   0x000000000001628e      0x1e2 ./Core/Src/main.o
 .debug_macro   0x0000000000016470      0x1b2 ./Core/Src/stm32f1xx_hal_msp.o
 .debug_macro   0x0000000000016622      0x1bc ./Core/Src/stm32f1xx_it.o
 .debug_macro   0x00000000000167de       0xff ./Core/Src/sysmem.o
 .debug_macro   0x00000000000168dd      0x23b ./Core/Src/sysmem.o
 .debug_macro   0x0000000000016b18      0x1a3 ./Core/Src/system_stm32f1xx.o
 .debug_macro   0x0000000000016cbb      0x1ea ./Core/Src/timer.o
 .debug_macro   0x0000000000016ea5      0x1c7 ./Drivers/STM32F1xx_HAL_Driver/Src/stm32f1xx_hal.o
 .debug_macro   0x000000000001706c      0x1a3 ./Drivers/STM32F1xx_HAL_Driver/Src/stm32f1xx_hal_cortex.o
 .debug_macro   0x000000000001720f      0x20e ./Drivers/STM32F1xx_HAL_Driver/Src/stm32f1xx_hal_gpio.o
 .debug_macro   0x000000000001741d      0x1f1 ./Drivers/STM32F1xx_HAL_Driver/Src/stm32f1xx_hal_i2c.o
 .debug_macro   0x000000000001760e      0x1b5 ./Drivers/STM32F1xx_HAL_Driver/Src/stm32f1xx_hal_rcc.o
 .debug_macro   0x00000000000177c3      0x1a4 ./Drivers/STM32F1xx_HAL_Driver/Src/stm32f1xx_hal_tim.o
 .debug_macro   0x0000000000017967      0x1a3 ./Drivers/STM32F1xx_HAL_Driver/Src/stm32f1xx_hal_tim_ex.o

.debug_line     0x0000000000000000    0x103b3
 .debug_line    0x0000000000000000      0x8d8 ./Core/Src/i2c-lcd.o
 .debug_line    0x00000000000008d8      0x7f0 ./Core/Src/input_processing.o
 .debug_line    0x00000000000010c8      0x776 ./Core/Src/input_reading.o
 .debug_line    0x000000000000183e      0xc6b ./Core/Src/led_display.o
 .debug_line    0x00000000000024a9      0x894 ./Core/Src/main.o
 .debug_line    0x0000000000002d3d      0x72f ./Core/Src/stm32f1xx_hal_msp.o
 .debug_line    0x000000000000346c      0x783 ./Core/Src/stm32f1xx_it.o
 .debug_line    0x0000000000003bef      0x530 ./Core/Src/sysmem.o
 .debug_line    0x000000000000411f      0x727 ./Core/Src/system_stm32f1xx.o
 .debug_line    0x0000000000004846      0x78c ./Core/Src/timer.o
 .debug_line    0x0000000000004fd2       0x86 ./Core/Startup/startup_stm32f103rbtx.o
 .debug_line    0x0000000000005058      0x954 ./Drivers/STM32F1xx_HAL_Driver/Src/stm32f1xx_hal.o
 .debug_line    0x00000000000059ac      0xb3c ./Drivers/STM32F1xx_HAL_Driver/Src/stm32f1xx_hal_cortex.o
 .debug_line    0x00000000000064e8      0x9ed ./Drivers/STM32F1xx_HAL_Driver/Src/stm32f1xx_hal_gpio.o
 .debug_line    0x0000000000006ed5     0x3aea ./Drivers/STM32F1xx_HAL_Driver/Src/stm32f1xx_hal_i2c.o
 .debug_line    0x000000000000a9bf      0xd60 ./Drivers/STM32F1xx_HAL_Driver/Src/stm32f1xx_hal_rcc.o
 .debug_line    0x000000000000b71f     0x33fa ./Drivers/STM32F1xx_HAL_Driver/Src/stm32f1xx_hal_tim.o
 .debug_line    0x000000000000eb19     0x189a ./Drivers/STM32F1xx_HAL_Driver/Src/stm32f1xx_hal_tim_ex.o

.debug_str      0x0000000000000000    0x8b2d9
 .debug_str     0x0000000000000000    0x86157 ./Core/Src/i2c-lcd.o
                                      0x86515 (size before relaxing)
 .debug_str     0x0000000000086157      0x58c ./Core/Src/input_processing.o
                                      0x83753 (size before relaxing)
 .debug_str     0x00000000000866e3      0x136 ./Core/Src/input_reading.o
                                      0x836fc (size before relaxing)
 .debug_str     0x0000000000086819     0x11c0 ./Core/Src/led_display.o
                                      0x87679 (size before relaxing)
 .debug_str     0x00000000000879d9      0x5b1 ./Core/Src/main.o
                                      0x840d5 (size before relaxing)
 .debug_str     0x0000000000087f8a      0x371 ./Core/Src/stm32f1xx_hal_msp.o
                                      0x840f0 (size before relaxing)
 .debug_str     0x00000000000882fb       0xec ./Core/Src/stm32f1xx_it.o
                                      0x83ac4 (size before relaxing)
 .debug_str     0x00000000000883e7      0x4da ./Core/Src/sysmem.o
                                       0x5d42 (size before relaxing)
 .debug_str     0x00000000000888c1       0x7e ./Core/Src/system_stm32f1xx.o
                                      0x8324c (size before relaxing)
 .debug_str     0x000000000008893f       0x79 ./Core/Src/timer.o
                                      0x83b26 (size before relaxing)
 .debug_str     0x00000000000889b8       0x36 ./Core/Startup/startup_stm32f103rbtx.o
                                         0x5c (size before relaxing)
 .debug_str     0x00000000000889ee      0x384 ./Drivers/STM32F1xx_HAL_Driver/Src/stm32f1xx_hal.o
                                      0x8397f (size before relaxing)
 .debug_str     0x0000000000088d72      0x294 ./Drivers/STM32F1xx_HAL_Driver/Src/stm32f1xx_hal_cortex.o
                                      0x838cb (size before relaxing)
 .debug_str     0x0000000000089006      0x2c2 ./Drivers/STM32F1xx_HAL_Driver/Src/stm32f1xx_hal_gpio.o
                                      0x835d2 (size before relaxing)
 .debug_str     0x00000000000892c8      0xbbd ./Drivers/STM32F1xx_HAL_Driver/Src/stm32f1xx_hal_i2c.o
                                      0x84313 (size before relaxing)
 .debug_str     0x0000000000089e85      0x209 ./Drivers/STM32F1xx_HAL_Driver/Src/stm32f1xx_hal_rcc.o
                                      0x8367b (size before relaxing)
 .debug_str     0x000000000008a08e      0xdb8 ./Drivers/STM32F1xx_HAL_Driver/Src/stm32f1xx_hal_tim.o
                                      0x8467d (size before relaxing)
 .debug_str     0x000000000008ae46      0x493 ./Drivers/STM32F1xx_HAL_Driver/Src/stm32f1xx_hal_tim_ex.o
                                      0x83e89 (size before relaxing)

.comment        0x0000000000000000       0x50
 .comment       0x0000000000000000       0x50 ./Core/Src/i2c-lcd.o
                                         0x51 (size before relaxing)
 .comment       0x0000000000000050       0x51 ./Core/Src/input_processing.o
 .comment       0x0000000000000050       0x51 ./Core/Src/input_reading.o
 .comment       0x0000000000000050       0x51 ./Core/Src/led_display.o
 .comment       0x0000000000000050       0x51 ./Core/Src/main.o
 .comment       0x0000000000000050       0x51 ./Core/Src/stm32f1xx_hal_msp.o
 .comment       0x0000000000000050       0x51 ./Core/Src/stm32f1xx_it.o
 .comment       0x0000000000000050       0x51 ./Core/Src/sysmem.o
 .comment       0x0000000000000050       0x51 ./Core/Src/system_stm32f1xx.o
 .comment       0x0000000000000050       0x51 ./Core/Src/timer.o
 .comment       0x0000000000000050       0x51 ./Drivers/STM32F1xx_HAL_Driver/Src/stm32f1xx_hal.o
 .comment       0x0000000000000050       0x51 ./Drivers/STM32F1xx_HAL_Driver/Src/stm32f1xx_hal_cortex.o
 .comment       0x0000000000000050       0x51 ./Drivers/STM32F1xx_HAL_Driver/Src/stm32f1xx_hal_gpio.o
 .comment       0x0000000000000050       0x51 ./Drivers/STM32F1xx_HAL_Driver/Src/stm32f1xx_hal_i2c.o
 .comment       0x0000000000000050       0x51 ./Drivers/STM32F1xx_HAL_Driver/Src/stm32f1xx_hal_rcc.o
 .comment       0x0000000000000050       0x51 ./Drivers/STM32F1xx_HAL_Driver/Src/stm32f1xx_hal_tim.o
 .comment       0x0000000000000050       0x51 ./Drivers/STM32F1xx_HAL_Driver/Src/stm32f1xx_hal_tim_ex.o

.debug_frame    0x0000000000000000     0x3c80
 .debug_frame   0x0000000000000000       0xd8 ./Core/Src/i2c-lcd.o
 .debug_frame   0x00000000000000d8       0x6c ./Core/Src/input_processing.o
 .debug_frame   0x0000000000000144       0x88 ./Core/Src/input_reading.o
 .debug_frame   0x00000000000001cc      0x318 ./Core/Src/led_display.o
 .debug_frame   0x00000000000004e4       0xcc ./Core/Src/main.o
 .debug_frame   0x00000000000005b0       0xc8 ./Core/Src/stm32f1xx_hal_msp.o
 .debug_frame   0x0000000000000678      0x120 ./Core/Src/stm32f1xx_it.o
 .debug_frame   0x0000000000000798       0x34 ./Core/Src/sysmem.o
 .debug_frame   0x00000000000007cc       0x58 ./Core/Src/system_stm32f1xx.o
 .debug_frame   0x0000000000000824       0xa0 ./Core/Src/timer.o
 .debug_frame   0x00000000000008c4      0x334 ./Drivers/STM32F1xx_HAL_Driver/Src/stm32f1xx_hal.o
 .debug_frame   0x0000000000000bf8      0x428 ./Drivers/STM32F1xx_HAL_Driver/Src/stm32f1xx_hal_cortex.o
 .debug_frame   0x0000000000001020      0x14c ./Drivers/STM32F1xx_HAL_Driver/Src/stm32f1xx_hal_gpio.o
 .debug_frame   0x000000000000116c      0xc84 ./Drivers/STM32F1xx_HAL_Driver/Src/stm32f1xx_hal_i2c.o
 .debug_frame   0x0000000000001df0      0x218 ./Drivers/STM32F1xx_HAL_Driver/Src/stm32f1xx_hal_rcc.o
 .debug_frame   0x0000000000002008     0x11b8 ./Drivers/STM32F1xx_HAL_Driver/Src/stm32f1xx_hal_tim.o
 .debug_frame   0x00000000000031c0      0x638 ./Drivers/STM32F1xx_HAL_Driver/Src/stm32f1xx_hal_tim_ex.o
 .debug_frame   0x00000000000037f8       0x20 d:/bkra/keil c test/stm32cubeide_1.10.1/stm32cubeide/plugins/com.st.stm32cube.ide.mcu.externaltools.gnu-tools-for-stm32.10.3-2021.10.win32_1.0.0.202111181127/tools/bin/../lib/gcc/arm-none-eabi/10.3.1/../../../../arm-none-eabi/lib/thumb/v7-m/nofp\libc_nano.a(lib_a-errno.o)
 .debug_frame   0x0000000000003818       0x2c d:/bkra/keil c test/stm32cubeide_1.10.1/stm32cubeide/plugins/com.st.stm32cube.ide.mcu.externaltools.gnu-tools-for-stm32.10.3-2021.10.win32_1.0.0.202111181127/tools/bin/../lib/gcc/arm-none-eabi/10.3.1/../../../../arm-none-eabi/lib/thumb/v7-m/nofp\libc_nano.a(lib_a-init.o)
 .debug_frame   0x0000000000003844       0x20 d:/bkra/keil c test/stm32cubeide_1.10.1/stm32cubeide/plugins/com.st.stm32cube.ide.mcu.externaltools.gnu-tools-for-stm32.10.3-2021.10.win32_1.0.0.202111181127/tools/bin/../lib/gcc/arm-none-eabi/10.3.1/../../../../arm-none-eabi/lib/thumb/v7-m/nofp\libc_nano.a(lib_a-memset.o)
 .debug_frame   0x0000000000003864       0x6c d:/bkra/keil c test/stm32cubeide_1.10.1/stm32cubeide/plugins/com.st.stm32cube.ide.mcu.externaltools.gnu-tools-for-stm32.10.3-2021.10.win32_1.0.0.202111181127/tools/bin/../lib/gcc/arm-none-eabi/10.3.1/../../../../arm-none-eabi/lib/thumb/v7-m/nofp\libc_nano.a(lib_a-sprintf.o)
 .debug_frame   0x00000000000038d0       0x90 d:/bkra/keil c test/stm32cubeide_1.10.1/stm32cubeide/plugins/com.st.stm32cube.ide.mcu.externaltools.gnu-tools-for-stm32.10.3-2021.10.win32_1.0.0.202111181127/tools/bin/../lib/gcc/arm-none-eabi/10.3.1/../../../../arm-none-eabi/lib/thumb/v7-m/nofp\libc_nano.a(lib_a-nano-svfprintf.o)
 .debug_frame   0x0000000000003960       0x60 d:/bkra/keil c test/stm32cubeide_1.10.1/stm32cubeide/plugins/com.st.stm32cube.ide.mcu.externaltools.gnu-tools-for-stm32.10.3-2021.10.win32_1.0.0.202111181127/tools/bin/../lib/gcc/arm-none-eabi/10.3.1/../../../../arm-none-eabi/lib/thumb/v7-m/nofp\libc_nano.a(lib_a-nano-vfprintf_i.o)
 .debug_frame   0x00000000000039c0       0x28 d:/bkra/keil c test/stm32cubeide_1.10.1/stm32cubeide/plugins/com.st.stm32cube.ide.mcu.externaltools.gnu-tools-for-stm32.10.3-2021.10.win32_1.0.0.202111181127/tools/bin/../lib/gcc/arm-none-eabi/10.3.1/../../../../arm-none-eabi/lib/thumb/v7-m/nofp\libc_nano.a(lib_a-memchr-stub.o)
 .debug_frame   0x00000000000039e8       0x28 d:/bkra/keil c test/stm32cubeide_1.10.1/stm32cubeide/plugins/com.st.stm32cube.ide.mcu.externaltools.gnu-tools-for-stm32.10.3-2021.10.win32_1.0.0.202111181127/tools/bin/../lib/gcc/arm-none-eabi/10.3.1/../../../../arm-none-eabi/lib/thumb/v7-m/nofp\libc_nano.a(lib_a-memcpy-stub.o)
 .debug_frame   0x0000000000003a10       0x28 d:/bkra/keil c test/stm32cubeide_1.10.1/stm32cubeide/plugins/com.st.stm32cube.ide.mcu.externaltools.gnu-tools-for-stm32.10.3-2021.10.win32_1.0.0.202111181127/tools/bin/../lib/gcc/arm-none-eabi/10.3.1/../../../../arm-none-eabi/lib/thumb/v7-m/nofp\libc_nano.a(lib_a-memmove.o)
 .debug_frame   0x0000000000003a38       0x38 d:/bkra/keil c test/stm32cubeide_1.10.1/stm32cubeide/plugins/com.st.stm32cube.ide.mcu.externaltools.gnu-tools-for-stm32.10.3-2021.10.win32_1.0.0.202111181127/tools/bin/../lib/gcc/arm-none-eabi/10.3.1/../../../../arm-none-eabi/lib/thumb/v7-m/nofp\libc_nano.a(lib_a-nano-freer.o)
 .debug_frame   0x0000000000003a70       0x4c d:/bkra/keil c test/stm32cubeide_1.10.1/stm32cubeide/plugins/com.st.stm32cube.ide.mcu.externaltools.gnu-tools-for-stm32.10.3-2021.10.win32_1.0.0.202111181127/tools/bin/../lib/gcc/arm-none-eabi/10.3.1/../../../../arm-none-eabi/lib/thumb/v7-m/nofp\libc_nano.a(lib_a-nano-mallocr.o)
 .debug_frame   0x0000000000003abc       0x3c d:/bkra/keil c test/stm32cubeide_1.10.1/stm32cubeide/plugins/com.st.stm32cube.ide.mcu.externaltools.gnu-tools-for-stm32.10.3-2021.10.win32_1.0.0.202111181127/tools/bin/../lib/gcc/arm-none-eabi/10.3.1/../../../../arm-none-eabi/lib/thumb/v7-m/nofp\libc_nano.a(lib_a-nano-reallocr.o)
 .debug_frame   0x0000000000003af8       0x2c d:/bkra/keil c test/stm32cubeide_1.10.1/stm32cubeide/plugins/com.st.stm32cube.ide.mcu.externaltools.gnu-tools-for-stm32.10.3-2021.10.win32_1.0.0.202111181127/tools/bin/../lib/gcc/arm-none-eabi/10.3.1/../../../../arm-none-eabi/lib/thumb/v7-m/nofp\libc_nano.a(lib_a-sbrkr.o)
 .debug_frame   0x0000000000003b24       0x30 d:/bkra/keil c test/stm32cubeide_1.10.1/stm32cubeide/plugins/com.st.stm32cube.ide.mcu.externaltools.gnu-tools-for-stm32.10.3-2021.10.win32_1.0.0.202111181127/tools/bin/../lib/gcc/arm-none-eabi/10.3.1/../../../../arm-none-eabi/lib/thumb/v7-m/nofp\libc_nano.a(lib_a-mlock.o)
 .debug_frame   0x0000000000003b54       0x20 d:/bkra/keil c test/stm32cubeide_1.10.1/stm32cubeide/plugins/com.st.stm32cube.ide.mcu.externaltools.gnu-tools-for-stm32.10.3-2021.10.win32_1.0.0.202111181127/tools/bin/../lib/gcc/arm-none-eabi/10.3.1/../../../../arm-none-eabi/lib/thumb/v7-m/nofp\libc_nano.a(lib_a-nano-msizer.o)
 .debug_frame   0x0000000000003b74       0x5c d:/bkra/keil c test/stm32cubeide_1.10.1/stm32cubeide/plugins/com.st.stm32cube.ide.mcu.externaltools.gnu-tools-for-stm32.10.3-2021.10.win32_1.0.0.202111181127/tools/bin/../lib/gcc/arm-none-eabi/10.3.1/../../../../arm-none-eabi/lib/thumb/v7-m/nofp\libc_nano.a(lib_a-reent.o)
 .debug_frame   0x0000000000003bd0       0xb0 d:/bkra/keil c test/stm32cubeide_1.10.1/stm32cubeide/plugins/com.st.stm32cube.ide.mcu.externaltools.gnu-tools-for-stm32.10.3-2021.10.win32_1.0.0.202111181127/tools/bin/../lib/gcc/arm-none-eabi/10.3.1/../../../../arm-none-eabi/lib/thumb/v7-m/nofp\libc_nano.a(lib_a-lock.o)
