14:29:49 **** Incremental Build of configuration Debug for project RB ****
make -j4 all 
arm-none-eabi-gcc "../Core/Src/led_display.c" -mcpu=cortex-m3 -std=gnu11 -g3 -DDEBUG -DUSE_HAL_DRIVER -DSTM32F103xB -c -I../Core/Inc -I../Drivers/STM32F1xx_HAL_Driver/Inc -I../Drivers/STM32F1xx_HAL_Driver/Inc/Legacy -I../Drivers/CMSIS/Device/ST/STM32F1xx/Include -I../Drivers/CMSIS/Include -O0 -ffunction-sections -fdata-sections -Wall -fstack-usage -MMD -MP -MF"Core/Src/led_display.d" -MT"Core/Src/led_display.o" --specs=nano.specs -mfloat-abi=soft -mthumb -o "Core/Src/led_display.o"
arm-none-eabi-gcc -o "RB.elf" @"objects.list"   -mcpu=cortex-m3 -T"D:\BKU\Year 3\VXL-VDK\kit rb\RB\STM32F103RBTX_FLASH.ld" --specs=nosys.specs -Wl,-Map="RB.map" -Wl,--gc-sections -static --specs=nano.specs -mfloat-abi=soft -mthumb -Wl,--start-group -lc -lm -Wl,--end-group
Finished building target: RB.elf
 
arm-none-eabi-size   RB.elf 
arm-none-eabi-objdump -h -S  RB.elf  > "RB.list"
arm-none-eabi-objcopy  -O ihex  RB.elf  "RB.hex"
   text	   data	    bss	    dec	    hex	filename
  15348	    164	   1916	  17428	   4414	RB.elf
Finished building: default.size.stdout
 
Finished building: RB.hex
 
Finished building: RB.list
 
