led_display.c:17:6:led_red_blink	16	static
led_display.c:36:6:led_green_blink	8	static
led_display.c:43:6:led_yellow_blink	8	static
led_display.c:54:6:on_red1_led	8	static
led_display.c:59:6:on_yellow1_led	8	static
led_display.c:64:6:on_green1_led	8	static
led_display.c:69:6:on_red2_led	8	static
led_display.c:74:6:on_yellow2_led	8	static
led_display.c:79:6:on_green2_led	8	static
led_display.c:83:6:off_led1	8	static
led_display.c:87:6:off_led2	8	static
led_display.c:91:6:modify_red_duration	8	static
led_display.c:96:6:modify_yellow_duration	8	static
led_display.c:102:6:modify_green_duration	8	static
led_display.c:121:6:updatemode	16	static
led_display.c:140:6:timeledlight	8	static
led_display.c:160:6:normalstate	8	static
led_display.c:211:6:update_numbers	16	static
led_display.c:215:6:increment_duration	16	static
led_display.c:224:6:save_duration	16	static
led_display.c:232:6:but2_red	8	static
led_display.c:233:6:but2_ye	8	static
led_display.c:234:6:but2_gr	8	static
led_display.c:237:6:but3_red	8	static
led_display.c:238:6:but3_ye	8	static
led_display.c:239:6:but3_gr	8	static
